<html>
<body>
<pre>
<h1>µVision Build Log</h1>
<h2>Project:</h2>
C:\Users\lenovo\Desktop\GSM³ÌÐò2016.10.8-1556\Project\RVMDK£¨uv4£©\iSO-STM32.uvproj
Project File Date:  12/19/2016

<h2>Output:</h2>
Build target 'USART1£¨interrupt£©'
compiling main.c...
..\..\User\test\test.h(21): warning:  #1-D: last line of file ends without a newline
..\..\User\main.c(335): warning:  #940-D: missing return statement at end of non-void function "Filter"
..\..\User\main.c(412): warning:  #61-D: integer operation result is out of range
..\..\User\main.c(412): warning:  #188-D: enumerated type mixed with another type
..\..\User\main.c(413): warning:  #188-D: enumerated type mixed with another type
..\..\User\main.c(559): error:  #20: identifier "Usart3_send_buff" is undefined
..\..\User\main.c(594): warning:  #177-D: variable "j" was declared but never referenced
compiling AiderProtocol.c...
..\..\User\Aider_Data_Protocol\AiderProtocol.c(246): warning:  #188-D: enumerated type mixed with another type
..\..\User\Aider_Data_Protocol\AiderProtocol.c(250): warning:  #188-D: enumerated type mixed with another type
..\..\User\Aider_Data_Protocol\AiderProtocol.c(270): warning:  #188-D: enumerated type mixed with another type
..\..\User\Aider_Data_Protocol\AiderProtocol.c(281): warning:  #188-D: enumerated type mixed with another type
..\..\User\Aider_Data_Protocol\AiderProtocol.c(323): warning:  #223-D: function "CRC16" declared implicitly
..\..\User\Aider_Data_Protocol\AiderProtocol.c(338): warning:  #167-D: argument of type "uint8_t *" is incompatible with parameter of type "char *"
..\..\User\Aider_Data_Protocol\AiderProtocol.c(346): warning:  #223-D: function "Get_Rand_Num" declared implicitly
..\..\User\Aider_Data_Protocol\AiderProtocol.c(353): warning:  #940-D: missing return statement at end of non-void function "SendDataToServ"
..\..\User\Aider_Data_Protocol\AiderProtocol.c(187): warning:  #177-D: variable "DevType" was declared but never referenced
..\..\User\Aider_Data_Protocol\AiderProtocol.c(188): warning:  #177-D: variable "RDataType" was declared but never referenced
..\..\User\Aider_Data_Protocol\AiderProtocol.c(200): warning:  #177-D: variable "j" was declared but never referenced
..\..\User\Aider_Data_Protocol\AiderProtocol.c(363): warning:  #188-D: enumerated type mixed with another type
..\..\User\Aider_Data_Protocol\AiderProtocol.c(367): warning:  #188-D: enumerated type mixed with another type
..\..\User\Aider_Data_Protocol\AiderProtocol.c(382): warning:  #61-D: integer operation result is out of range
..\..\User\Aider_Data_Protocol\AiderProtocol.c(382): warning:  #188-D: enumerated type mixed with another type
..\..\User\Aider_Data_Protocol\AiderProtocol.c(406): error:  #20: identifier "TrapSend" is undefined
..\..\User\Aider_Data_Protocol\AiderProtocol.c(457): warning:  #61-D: integer operation result is out of range
..\..\User\Aider_Data_Protocol\AiderProtocol.c(500): warning:  #223-D: function "CRC16" declared implicitly
..\..\User\Aider_Data_Protocol\AiderProtocol.c(516): warning:  #167-D: argument of type "u8 *" is incompatible with parameter of type "char *"
..\..\User\Aider_Data_Protocol\AiderProtocol.c(526): warning:  #223-D: function "DMA_UART3_RecevDetect" declared implicitly
..\..\User\Aider_Data_Protocol\AiderProtocol.c(557): error:  #20: identifier "TrapSend" is undefined
..\..\User\Aider_Data_Protocol\AiderProtocol.c(608): warning:  #61-D: integer operation result is out of range
..\..\User\Aider_Data_Protocol\AiderProtocol.c(651): warning:  #223-D: function "CRC16" declared implicitly
..\..\User\Aider_Data_Protocol\AiderProtocol.c(670): warning:  #167-D: argument of type "u8 *" is incompatible with parameter of type "char *"
..\..\User\Aider_Data_Protocol\AiderProtocol.c(680): warning:  #223-D: function "DMA_UART3_RecevDetect" declared implicitly
..\..\User\Aider_Data_Protocol\AiderProtocol.c(709): error:  #20: identifier "GetRespSend" is undefined
..\..\User\Aider_Data_Protocol\AiderProtocol.c(883): warning:  #223-D: function "CRC16" declared implicitly
..\..\User\Aider_Data_Protocol\AiderProtocol.c(899): warning:  #167-D: argument of type "u8 *" is incompatible with parameter of type "char *"
..\..\User\Aider_Data_Protocol\AiderProtocol.c(716): warning:  #177-D: variable "k" was declared but never referenced
..\..\User\Aider_Data_Protocol\AiderProtocol.c(930): warning:  #177-D: variable "j" was declared but never referenced
"..\..\Output\Template.axf" - 4 Errors, 33 Warning(s).
Target not created
Build target 'USART1£¨interrupt£©'
compiling main.c...
..\..\User\test\test.h(21): warning:  #1-D: last line of file ends without a newline
..\..\User\main.c(335): warning:  #940-D: missing return statement at end of non-void function "Filter"
..\..\User\main.c(412): warning:  #61-D: integer operation result is out of range
..\..\User\main.c(412): warning:  #188-D: enumerated type mixed with another type
..\..\User\main.c(413): warning:  #188-D: enumerated type mixed with another type
..\..\User\main.c(581): warning:  #177-D: variable "j" was declared but never referenced
compiling AiderProtocol.c...
..\..\User\Aider_Data_Protocol\AiderProtocol.c(246): warning:  #188-D: enumerated type mixed with another type
..\..\User\Aider_Data_Protocol\AiderProtocol.c(250): warning:  #188-D: enumerated type mixed with another type
..\..\User\Aider_Data_Protocol\AiderProtocol.c(270): warning:  #188-D: enumerated type mixed with another type
..\..\User\Aider_Data_Protocol\AiderProtocol.c(281): warning:  #188-D: enumerated type mixed with another type
..\..\User\Aider_Data_Protocol\AiderProtocol.c(323): warning:  #223-D: function "CRC16" declared implicitly
..\..\User\Aider_Data_Protocol\AiderProtocol.c(338): warning:  #167-D: argument of type "uint8_t *" is incompatible with parameter of type "char *"
..\..\User\Aider_Data_Protocol\AiderProtocol.c(346): warning:  #223-D: function "Get_Rand_Num" declared implicitly
..\..\User\Aider_Data_Protocol\AiderProtocol.c(353): warning:  #940-D: missing return statement at end of non-void function "SendDataToServ"
..\..\User\Aider_Data_Protocol\AiderProtocol.c(187): warning:  #177-D: variable "DevType" was declared but never referenced
..\..\User\Aider_Data_Protocol\AiderProtocol.c(188): warning:  #177-D: variable "RDataType" was declared but never referenced
..\..\User\Aider_Data_Protocol\AiderProtocol.c(200): warning:  #177-D: variable "j" was declared but never referenced
..\..\User\Aider_Data_Protocol\AiderProtocol.c(363): warning:  #188-D: enumerated type mixed with another type
..\..\User\Aider_Data_Protocol\AiderProtocol.c(367): warning:  #188-D: enumerated type mixed with another type
..\..\User\Aider_Data_Protocol\AiderProtocol.c(382): warning:  #61-D: integer operation result is out of range
..\..\User\Aider_Data_Protocol\AiderProtocol.c(382): warning:  #188-D: enumerated type mixed with another type
..\..\User\Aider_Data_Protocol\AiderProtocol.c(406): error:  #20: identifier "TrapSend" is undefined
..\..\User\Aider_Data_Protocol\AiderProtocol.c(457): warning:  #61-D: integer operation result is out of range
..\..\User\Aider_Data_Protocol\AiderProtocol.c(500): warning:  #223-D: function "CRC16" declared implicitly
..\..\User\Aider_Data_Protocol\AiderProtocol.c(516): warning:  #167-D: argument of type "u8 *" is incompatible with parameter of type "char *"
..\..\User\Aider_Data_Protocol\AiderProtocol.c(526): warning:  #223-D: function "DMA_UART3_RecevDetect" declared implicitly
..\..\User\Aider_Data_Protocol\AiderProtocol.c(557): error:  #20: identifier "TrapSend" is undefined
..\..\User\Aider_Data_Protocol\AiderProtocol.c(608): warning:  #61-D: integer operation result is out of range
..\..\User\Aider_Data_Protocol\AiderProtocol.c(651): warning:  #223-D: function "CRC16" declared implicitly
..\..\User\Aider_Data_Protocol\AiderProtocol.c(670): warning:  #167-D: argument of type "u8 *" is incompatible with parameter of type "char *"
..\..\User\Aider_Data_Protocol\AiderProtocol.c(680): warning:  #223-D: function "DMA_UART3_RecevDetect" declared implicitly
..\..\User\Aider_Data_Protocol\AiderProtocol.c(709): error:  #20: identifier "GetRespSend" is undefined
..\..\User\Aider_Data_Protocol\AiderProtocol.c(883): warning:  #223-D: function "CRC16" declared implicitly
..\..\User\Aider_Data_Protocol\AiderProtocol.c(899): warning:  #167-D: argument of type "u8 *" is incompatible with parameter of type "char *"
..\..\User\Aider_Data_Protocol\AiderProtocol.c(716): warning:  #177-D: variable "k" was declared but never referenced
..\..\User\Aider_Data_Protocol\AiderProtocol.c(930): warning:  #177-D: variable "j" was declared but never referenced
"..\..\Output\Template.axf" - 3 Errors, 33 Warning(s).
Target not created
Build target 'USART1£¨interrupt£©'
compiling AiderProtocol.c...
..\..\User\Aider_Data_Protocol\AiderProtocol.c(246): warning:  #188-D: enumerated type mixed with another type
..\..\User\Aider_Data_Protocol\AiderProtocol.c(250): warning:  #188-D: enumerated type mixed with another type
..\..\User\Aider_Data_Protocol\AiderProtocol.c(270): warning:  #188-D: enumerated type mixed with another type
..\..\User\Aider_Data_Protocol\AiderProtocol.c(281): warning:  #188-D: enumerated type mixed with another type
..\..\User\Aider_Data_Protocol\AiderProtocol.c(323): warning:  #223-D: function "CRC16" declared implicitly
..\..\User\Aider_Data_Protocol\AiderProtocol.c(338): warning:  #167-D: argument of type "uint8_t *" is incompatible with parameter of type "char *"
..\..\User\Aider_Data_Protocol\AiderProtocol.c(346): warning:  #223-D: function "Get_Rand_Num" declared implicitly
..\..\User\Aider_Data_Protocol\AiderProtocol.c(353): warning:  #940-D: missing return statement at end of non-void function "SendDataToServ"
..\..\User\Aider_Data_Protocol\AiderProtocol.c(187): warning:  #177-D: variable "DevType" was declared but never referenced
..\..\User\Aider_Data_Protocol\AiderProtocol.c(188): warning:  #177-D: variable "RDataType" was declared but never referenced
..\..\User\Aider_Data_Protocol\AiderProtocol.c(200): warning:  #177-D: variable "j" was declared but never referenced
..\..\User\Aider_Data_Protocol\AiderProtocol.c(363): warning:  #188-D: enumerated type mixed with another type
..\..\User\Aider_Data_Protocol\AiderProtocol.c(367): warning:  #188-D: enumerated type mixed with another type
..\..\User\Aider_Data_Protocol\AiderProtocol.c(382): warning:  #61-D: integer operation result is out of range
..\..\User\Aider_Data_Protocol\AiderProtocol.c(382): warning:  #188-D: enumerated type mixed with another type
..\..\User\Aider_Data_Protocol\AiderProtocol.c(406): warning:  #177-D: variable "j" was declared but never referenced
linking...
..\..\Output\Template.axf: Error: L6218E: Undefined symbol GetResponse (referred from aiderprotocol.o).
..\..\Output\Template.axf: Error: L6218E: Undefined symbol Usart3_send_buff (referred from aiderprotocol.o).
"..\..\Output\Template.axf" - 2 Errors, 16 Warning(s).
Target not created
Build target 'USART1£¨interrupt£©'
compiling AiderProtocol.c...
..\..\User\Aider_Data_Protocol\AiderProtocol.c(243): warning:  #188-D: enumerated type mixed with another type
..\..\User\Aider_Data_Protocol\AiderProtocol.c(247): warning:  #188-D: enumerated type mixed with another type
..\..\User\Aider_Data_Protocol\AiderProtocol.c(267): warning:  #188-D: enumerated type mixed with another type
..\..\User\Aider_Data_Protocol\AiderProtocol.c(278): warning:  #188-D: enumerated type mixed with another type
..\..\User\Aider_Data_Protocol\AiderProtocol.c(320): warning:  #223-D: function "CRC16" declared implicitly
..\..\User\Aider_Data_Protocol\AiderProtocol.c(335): warning:  #167-D: argument of type "uint8_t *" is incompatible with parameter of type "char *"
..\..\User\Aider_Data_Protocol\AiderProtocol.c(343): warning:  #223-D: function "Get_Rand_Num" declared implicitly
..\..\User\Aider_Data_Protocol\AiderProtocol.c(350): warning:  #940-D: missing return statement at end of non-void function "SendDataToServ"
..\..\User\Aider_Data_Protocol\AiderProtocol.c(184): warning:  #177-D: variable "DevType" was declared but never referenced
..\..\User\Aider_Data_Protocol\AiderProtocol.c(185): warning:  #177-D: variable "RDataType" was declared but never referenced
..\..\User\Aider_Data_Protocol\AiderProtocol.c(197): warning:  #177-D: variable "j" was declared but never referenced
..\..\User\Aider_Data_Protocol\AiderProtocol.c(360): warning:  #188-D: enumerated type mixed with another type
..\..\User\Aider_Data_Protocol\AiderProtocol.c(364): warning:  #188-D: enumerated type mixed with another type
..\..\User\Aider_Data_Protocol\AiderProtocol.c(379): warning:  #61-D: integer operation result is out of range
..\..\User\Aider_Data_Protocol\AiderProtocol.c(379): warning:  #188-D: enumerated type mixed with another type
..\..\User\Aider_Data_Protocol\AiderProtocol.c(403): warning:  #177-D: variable "j" was declared but never referenced
linking...
..\..\Output\Template.axf: Error: L6218E: Undefined symbol GetResponse (referred from aiderprotocol.o).
..\..\Output\Template.axf: Error: L6218E: Undefined symbol Usart3_send_buff (referred from aiderprotocol.o).
"..\..\Output\Template.axf" - 2 Errors, 16 Warning(s).
Target not created
Build target 'USART1£¨interrupt£©'
compiling AiderProtocol.c...
..\..\User\Aider_Data_Protocol\AiderProtocol.c(206): warning:  #188-D: enumerated type mixed with another type
..\..\User\Aider_Data_Protocol\AiderProtocol.c(210): warning:  #188-D: enumerated type mixed with another type
..\..\User\Aider_Data_Protocol\AiderProtocol.c(230): warning:  #188-D: enumerated type mixed with another type
..\..\User\Aider_Data_Protocol\AiderProtocol.c(241): warning:  #188-D: enumerated type mixed with another type
..\..\User\Aider_Data_Protocol\AiderProtocol.c(283): warning:  #223-D: function "CRC16" declared implicitly
..\..\User\Aider_Data_Protocol\AiderProtocol.c(298): warning:  #167-D: argument of type "uint8_t *" is incompatible with parameter of type "char *"
..\..\User\Aider_Data_Protocol\AiderProtocol.c(306): warning:  #223-D: function "Get_Rand_Num" declared implicitly
..\..\User\Aider_Data_Protocol\AiderProtocol.c(313): warning:  #940-D: missing return statement at end of non-void function "SendDataToServ"
..\..\User\Aider_Data_Protocol\AiderProtocol.c(147): warning:  #177-D: variable "DevType" was declared but never referenced
..\..\User\Aider_Data_Protocol\AiderProtocol.c(148): warning:  #177-D: variable "RDataType" was declared but never referenced
..\..\User\Aider_Data_Protocol\AiderProtocol.c(160): warning:  #177-D: variable "j" was declared but never referenced
..\..\User\Aider_Data_Protocol\AiderProtocol.c(323): warning:  #188-D: enumerated type mixed with another type
..\..\User\Aider_Data_Protocol\AiderProtocol.c(327): warning:  #188-D: enumerated type mixed with another type
..\..\User\Aider_Data_Protocol\AiderProtocol.c(342): warning:  #61-D: integer operation result is out of range
..\..\User\Aider_Data_Protocol\AiderProtocol.c(342): warning:  #188-D: enumerated type mixed with another type
..\..\User\Aider_Data_Protocol\AiderProtocol.c(366): warning:  #177-D: variable "j" was declared but never referenced
linking...
..\..\Output\Template.axf: Error: L6218E: Undefined symbol GetResponse (referred from aiderprotocol.o).
..\..\Output\Template.axf: Error: L6218E: Undefined symbol Usart3_send_buff (referred from aiderprotocol.o).
"..\..\Output\Template.axf" - 2 Errors, 16 Warning(s).
Target not created
Build target 'USART1£¨interrupt£©'
linking...
..\..\Output\Template.axf: Error: L6218E: Undefined symbol GetResponse (referred from aiderprotocol.o).
..\..\Output\Template.axf: Error: L6218E: Undefined symbol Usart3_send_buff (referred from aiderprotocol.o).
"..\..\Output\Template.axf" - 2 Errors, 0 Warning(s).
Target not created
Build target 'USART1£¨interrupt£©'
compiling main.c...
..\..\User\test\test.h(21): warning:  #1-D: last line of file ends without a newline
..\..\User\main.c(328): warning:  #940-D: missing return statement at end of non-void function "Filter"
..\..\User\main.c(405): warning:  #61-D: integer operation result is out of range
..\..\User\main.c(405): warning:  #188-D: enumerated type mixed with another type
..\..\User\main.c(406): warning:  #188-D: enumerated type mixed with another type
..\..\User\main.c(574): warning:  #177-D: variable "j" was declared but never referenced
compiling gprs.c...
..\..\User\test\test.h(21): warning:  #1-D: last line of file ends without a newline
..\..\User\gprs\gprs.c(705): warning:  #177-D: variable "temp" was declared but never referenced
..\..\User\gprs\gprs.c(706): warning:  #177-D: variable "interget" was declared but never referenced
..\..\User\gprs\gprs.c(707): warning:  #177-D: variable "decimal" was declared but never referenced
..\..\User\gprs\gprs.c(1333): warning:  #177-D: variable "counter" was declared but never referenced
..\..\User\gprs\gprs.c(1334): warning:  #177-D: variable "i" was declared but never referenced
..\..\User\gprs\gprs.c(1636): warning:  #177-D: variable "PayloadLen" was declared but never referenced
..\..\User\gprs\gprs.c(1637): warning:  #177-D: variable "CrcVerify" was declared but never referenced
..\..\User\gprs\gprs.c(1638): warning:  #177-D: variable "CrcRecev" was declared but never referenced
..\..\User\gprs\gprs.c(1639): warning:  #177-D: variable "k" was declared but never referenced
..\..\User\gprs\gprs.c(1859): warning:  #186-D: pointless comparison of unsigned integer with zero
..\..\User\gprs\gprs.c(1710): warning:  #177-D: variable "CharArry" was declared but never referenced
..\..\User\gprs\gprs.c(1718): warning:  #177-D: variable "i" was declared but never referenced
..\..\User\gprs\gprs.c(37): warning:  #177-D: variable "RespRev_OK" was declared but never referenced
compiling bsp_rtc.c...
compiling AiderProtocol.c...
..\..\User\Aider_Data_Protocol\AiderProtocol.c(217): warning:  #188-D: enumerated type mixed with another type
..\..\User\Aider_Data_Protocol\AiderProtocol.c(221): warning:  #188-D: enumerated type mixed with another type
..\..\User\Aider_Data_Protocol\AiderProtocol.c(241): warning:  #188-D: enumerated type mixed with another type
..\..\User\Aider_Data_Protocol\AiderProtocol.c(252): warning:  #188-D: enumerated type mixed with another type
..\..\User\Aider_Data_Protocol\AiderProtocol.c(293): warning:  #223-D: function "CRC16" declared implicitly
..\..\User\Aider_Data_Protocol\AiderProtocol.c(308): warning:  #167-D: argument of type "uint8_t *" is incompatible with parameter of type "char *"
..\..\User\Aider_Data_Protocol\AiderProtocol.c(323): warning:  #940-D: missing return statement at end of non-void function "SendDataToServ"
..\..\User\Aider_Data_Protocol\AiderProtocol.c(158): warning:  #177-D: variable "DevType" was declared but never referenced
..\..\User\Aider_Data_Protocol\AiderProtocol.c(159): warning:  #177-D: variable "RDataType" was declared but never referenced
..\..\User\Aider_Data_Protocol\AiderProtocol.c(171): warning:  #177-D: variable "j" was declared but never referenced
..\..\User\Aider_Data_Protocol\AiderProtocol.c(333): warning:  #188-D: enumerated type mixed with another type
..\..\User\Aider_Data_Protocol\AiderProtocol.c(337): warning:  #188-D: enumerated type mixed with another type
..\..\User\Aider_Data_Protocol\AiderProtocol.c(352): warning:  #61-D: integer operation result is out of range
..\..\User\Aider_Data_Protocol\AiderProtocol.c(352): warning:  #188-D: enumerated type mixed with another type
..\..\User\Aider_Data_Protocol\AiderProtocol.c(376): warning:  #177-D: variable "j" was declared but never referenced
compiling common.c...
..\..\User\common\common.c(64): warning:  #223-D: function "DataWrite_To_Flash" declared implicitly
compiling test.c...
..\..\User\test\test.h(21): warning:  #1-D: last line of file ends without a newline
..\..\User\test\test.c(46): warning:  #167-D: argument of type "char *" is incompatible with parameter of type "u8 *"
..\..\User\test\test.c(47): warning:  #167-D: argument of type "char *" is incompatible with parameter of type "u8 *"
..\..\User\test\test.c(48): warning:  #167-D: argument of type "char *" is incompatible with parameter of type "u8 *"
compiling 433_Wiminet.c...
compiling SensorInit.c...
..\..\User\test\test.h(21): warning:  #1-D: last line of file ends without a newline
linking...
..\..\Output\Template.axf: Error: L6218E: Undefined symbol GetResponse (referred from aiderprotocol.o).
..\..\Output\Template.axf: Error: L6218E: Undefined symbol Usart3_send_buff (referred from aiderprotocol.o).
"..\..\Output\Template.axf" - 2 Errors, 41 Warning(s).
Target not created
Build target 'USART1£¨interrupt£©'
compiling main.c...
..\..\User\test\test.h(21): warning:  #1-D: last line of file ends without a newline
..\..\User\main.c(328): warning:  #940-D: missing return statement at end of non-void function "Filter"
..\..\User\main.c(405): warning:  #61-D: integer operation result is out of range
..\..\User\main.c(405): warning:  #188-D: enumerated type mixed with another type
..\..\User\main.c(406): warning:  #188-D: enumerated type mixed with another type
..\..\User\main.c(574): warning:  #177-D: variable "j" was declared but never referenced
compiling gprs.c...
..\..\User\test\test.h(21): warning:  #1-D: last line of file ends without a newline
..\..\User\gprs\gprs.c(705): warning:  #177-D: variable "temp" was declared but never referenced
..\..\User\gprs\gprs.c(706): warning:  #177-D: variable "interget" was declared but never referenced
..\..\User\gprs\gprs.c(707): warning:  #177-D: variable "decimal" was declared but never referenced
..\..\User\gprs\gprs.c(1333): warning:  #177-D: variable "counter" was declared but never referenced
..\..\User\gprs\gprs.c(1334): warning:  #177-D: variable "i" was declared but never referenced
..\..\User\gprs\gprs.c(1636): warning:  #177-D: variable "PayloadLen" was declared but never referenced
..\..\User\gprs\gprs.c(1637): warning:  #177-D: variable "CrcVerify" was declared but never referenced
..\..\User\gprs\gprs.c(1638): warning:  #177-D: variable "CrcRecev" was declared but never referenced
..\..\User\gprs\gprs.c(1639): warning:  #177-D: variable "k" was declared but never referenced
..\..\User\gprs\gprs.c(1859): warning:  #186-D: pointless comparison of unsigned integer with zero
..\..\User\gprs\gprs.c(1710): warning:  #177-D: variable "CharArry" was declared but never referenced
..\..\User\gprs\gprs.c(1718): warning:  #177-D: variable "i" was declared but never referenced
..\..\User\gprs\gprs.c(37): warning:  #177-D: variable "RespRev_OK" was declared but never referenced
compiling AiderProtocol.c...
..\..\User\Aider_Data_Protocol\AiderProtocol.c(222): warning:  #188-D: enumerated type mixed with another type
..\..\User\Aider_Data_Protocol\AiderProtocol.c(226): warning:  #188-D: enumerated type mixed with another type
..\..\User\Aider_Data_Protocol\AiderProtocol.c(246): warning:  #188-D: enumerated type mixed with another type
..\..\User\Aider_Data_Protocol\AiderProtocol.c(257): warning:  #188-D: enumerated type mixed with another type
..\..\User\Aider_Data_Protocol\AiderProtocol.c(313): warning:  #167-D: argument of type "uint8_t *" is incompatible with parameter of type "char *"
..\..\User\Aider_Data_Protocol\AiderProtocol.c(328): warning:  #940-D: missing return statement at end of non-void function "SendDataToServ"
..\..\User\Aider_Data_Protocol\AiderProtocol.c(163): warning:  #177-D: variable "DevType" was declared but never referenced
..\..\User\Aider_Data_Protocol\AiderProtocol.c(164): warning:  #177-D: variable "RDataType" was declared but never referenced
..\..\User\Aider_Data_Protocol\AiderProtocol.c(176): warning:  #177-D: variable "j" was declared but never referenced
..\..\User\Aider_Data_Protocol\AiderProtocol.c(344): warning:  #188-D: enumerated type mixed with another type
..\..\User\Aider_Data_Protocol\AiderProtocol.c(348): warning:  #188-D: enumerated type mixed with another type
..\..\User\Aider_Data_Protocol\AiderProtocol.c(363): warning:  #61-D: integer operation result is out of range
..\..\User\Aider_Data_Protocol\AiderProtocol.c(363): warning:  #188-D: enumerated type mixed with another type
..\..\User\Aider_Data_Protocol\AiderProtocol.c(387): warning:  #177-D: variable "j" was declared but never referenced
compiling test.c...
..\..\User\test\test.h(21): warning:  #1-D: last line of file ends without a newline
..\..\User\test\test.c(46): warning:  #167-D: argument of type "char *" is incompatible with parameter of type "u8 *"
..\..\User\test\test.c(47): warning:  #167-D: argument of type "char *" is incompatible with parameter of type "u8 *"
..\..\User\test\test.c(48): warning:  #167-D: argument of type "char *" is incompatible with parameter of type "u8 *"
compiling 433_Wiminet.c...
compiling SensorInit.c...
..\..\User\test\test.h(21): warning:  #1-D: last line of file ends without a newline
linking...
..\..\Output\Template.axf: Error: L6218E: Undefined symbol GetResponse (referred from aiderprotocol.o).
..\..\Output\Template.axf: Error: L6218E: Undefined symbol Usart3_send_buff (referred from aiderprotocol.o).
"..\..\Output\Template.axf" - 2 Errors, 39 Warning(s).
Target not created
Build target 'USART1£¨interrupt£©'
compiling AiderProtocol.c...
..\..\User\Aider_Data_Protocol\AiderProtocol.c(222): warning:  #188-D: enumerated type mixed with another type
..\..\User\Aider_Data_Protocol\AiderProtocol.c(226): warning:  #188-D: enumerated type mixed with another type
..\..\User\Aider_Data_Protocol\AiderProtocol.c(246): warning:  #188-D: enumerated type mixed with another type
..\..\User\Aider_Data_Protocol\AiderProtocol.c(257): warning:  #188-D: enumerated type mixed with another type
..\..\User\Aider_Data_Protocol\AiderProtocol.c(313): warning:  #167-D: argument of type "uint8_t *" is incompatible with parameter of type "char *"
..\..\User\Aider_Data_Protocol\AiderProtocol.c(328): warning:  #940-D: missing return statement at end of non-void function "SendDataToServ"
..\..\User\Aider_Data_Protocol\AiderProtocol.c(163): warning:  #177-D: variable "DevType" was declared but never referenced
..\..\User\Aider_Data_Protocol\AiderProtocol.c(164): warning:  #177-D: variable "RDataType" was declared but never referenced
..\..\User\Aider_Data_Protocol\AiderProtocol.c(176): warning:  #177-D: variable "j" was declared but never referenced
..\..\User\Aider_Data_Protocol\AiderProtocol.c(344): warning:  #188-D: enumerated type mixed with another type
..\..\User\Aider_Data_Protocol\AiderProtocol.c(348): warning:  #188-D: enumerated type mixed with another type
..\..\User\Aider_Data_Protocol\AiderProtocol.c(363): warning:  #61-D: integer operation result is out of range
..\..\User\Aider_Data_Protocol\AiderProtocol.c(363): warning:  #188-D: enumerated type mixed with another type
..\..\User\Aider_Data_Protocol\AiderProtocol.c(430): error:  #136: struct "DataFrame" has no field "OID_List"
..\..\User\Aider_Data_Protocol\AiderProtocol.c(447): error:  #136: struct "DataFrame" has no field "OID_List"
..\..\User\Aider_Data_Protocol\AiderProtocol.c(480): error:  #136: struct "DataFrame" has no field "OID_List"
..\..\User\Aider_Data_Protocol\AiderProtocol.c(507): error:  #136: struct "DataFrame" has no field "OID_List"
..\..\User\Aider_Data_Protocol\AiderProtocol.c(532): error:  #136: struct "DataFrame" has no field "OID_List"
..\..\User\Aider_Data_Protocol\AiderProtocol.c(556): error:  #136: struct "DataFrame" has no field "OID_List"
..\..\User\Aider_Data_Protocol\AiderProtocol.c(576): error:  #136: struct "DataFrame" has no field "OID_List"
..\..\User\Aider_Data_Protocol\AiderProtocol.c(599): error:  #136: struct "DataFrame" has no field "OID_Count"
..\..\User\Aider_Data_Protocol\AiderProtocol.c(603): error:  #136: struct "DataFrame" has no field "OID_Count"
..\..\User\Aider_Data_Protocol\AiderProtocol.c(610): error:  #167: argument of type "struct DataFrame" is incompatible with parameter of type "struct CommandFrame"
..\..\User\Aider_Data_Protocol\AiderProtocol.c(387): warning:  #177-D: variable "j" was declared but never referenced
..\..\User\Aider_Data_Protocol\AiderProtocol.c(392): warning:  #177-D: variable "RecTagList" was declared but never referenced
..\..\User\Aider_Data_Protocol\AiderProtocol.c(393): warning:  #177-D: variable "RecTagNum" was declared but never referenced
"..\..\Output\Template.axf" - 10 Errors, 16 Warning(s).
Target not created
Build target 'USART1£¨interrupt£©'
compiling AiderProtocol.c...
..\..\User\Aider_Data_Protocol\AiderProtocol.c(222): warning:  #188-D: enumerated type mixed with another type
..\..\User\Aider_Data_Protocol\AiderProtocol.c(226): warning:  #188-D: enumerated type mixed with another type
..\..\User\Aider_Data_Protocol\AiderProtocol.c(246): warning:  #188-D: enumerated type mixed with another type
..\..\User\Aider_Data_Protocol\AiderProtocol.c(257): warning:  #188-D: enumerated type mixed with another type
..\..\User\Aider_Data_Protocol\AiderProtocol.c(313): warning:  #167-D: argument of type "uint8_t *" is incompatible with parameter of type "char *"
..\..\User\Aider_Data_Protocol\AiderProtocol.c(328): warning:  #940-D: missing return statement at end of non-void function "SendDataToServ"
..\..\User\Aider_Data_Protocol\AiderProtocol.c(163): warning:  #177-D: variable "DevType" was declared but never referenced
..\..\User\Aider_Data_Protocol\AiderProtocol.c(164): warning:  #177-D: variable "RDataType" was declared but never referenced
..\..\User\Aider_Data_Protocol\AiderProtocol.c(176): warning:  #177-D: variable "j" was declared but never referenced
..\..\User\Aider_Data_Protocol\AiderProtocol.c(344): warning:  #188-D: enumerated type mixed with another type
..\..\User\Aider_Data_Protocol\AiderProtocol.c(348): warning:  #188-D: enumerated type mixed with another type
..\..\User\Aider_Data_Protocol\AiderProtocol.c(363): warning:  #61-D: integer operation result is out of range
..\..\User\Aider_Data_Protocol\AiderProtocol.c(363): warning:  #188-D: enumerated type mixed with another type
..\..\User\Aider_Data_Protocol\AiderProtocol.c(412): warning:  #188-D: enumerated type mixed with another type
..\..\User\Aider_Data_Protocol\AiderProtocol.c(443): error:  #2706: case label value has already appeared in this switch at line 398
..\..\User\Aider_Data_Protocol\AiderProtocol.c(475): error:  #136: struct "DataFrame" has no field "OID_List"
..\..\User\Aider_Data_Protocol\AiderProtocol.c(492): error:  #136: struct "DataFrame" has no field "OID_List"
..\..\User\Aider_Data_Protocol\AiderProtocol.c(525): error:  #136: struct "DataFrame" has no field "OID_List"
..\..\User\Aider_Data_Protocol\AiderProtocol.c(552): error:  #136: struct "DataFrame" has no field "OID_List"
..\..\User\Aider_Data_Protocol\AiderProtocol.c(577): error:  #136: struct "DataFrame" has no field "OID_List"
..\..\User\Aider_Data_Protocol\AiderProtocol.c(601): error:  #136: struct "DataFrame" has no field "OID_List"
..\..\User\Aider_Data_Protocol\AiderProtocol.c(621): error:  #136: struct "DataFrame" has no field "OID_List"
..\..\User\Aider_Data_Protocol\AiderProtocol.c(644): error:  #136: struct "DataFrame" has no field "OID_Count"
..\..\User\Aider_Data_Protocol\AiderProtocol.c(648): error:  #136: struct "DataFrame" has no field "OID_Count"
..\..\User\Aider_Data_Protocol\AiderProtocol.c(655): error:  #167: argument of type "struct DataFrame" is incompatible with parameter of type "struct CommandFrame"
..\..\User\Aider_Data_Protocol\AiderProtocol.c(392): warning:  #177-D: variable "RecTagList" was declared but never referenced
"..\..\Output\Template.axf" - 11 Errors, 15 Warning(s).
Target not created
Build target 'USART1£¨interrupt£©'
compiling AiderProtocol.c...
..\..\User\Aider_Data_Protocol\AiderProtocol.c(222): warning:  #188-D: enumerated type mixed with another type
..\..\User\Aider_Data_Protocol\AiderProtocol.c(226): warning:  #188-D: enumerated type mixed with another type
..\..\User\Aider_Data_Protocol\AiderProtocol.c(246): warning:  #188-D: enumerated type mixed with another type
..\..\User\Aider_Data_Protocol\AiderProtocol.c(257): warning:  #188-D: enumerated type mixed with another type
..\..\User\Aider_Data_Protocol\AiderProtocol.c(313): warning:  #167-D: argument of type "uint8_t *" is incompatible with parameter of type "char *"
..\..\User\Aider_Data_Protocol\AiderProtocol.c(328): warning:  #940-D: missing return statement at end of non-void function "SendDataToServ"
..\..\User\Aider_Data_Protocol\AiderProtocol.c(163): warning:  #177-D: variable "DevType" was declared but never referenced
..\..\User\Aider_Data_Protocol\AiderProtocol.c(164): warning:  #177-D: variable "RDataType" was declared but never referenced
..\..\User\Aider_Data_Protocol\AiderProtocol.c(176): warning:  #177-D: variable "j" was declared but never referenced
..\..\User\Aider_Data_Protocol\AiderProtocol.c(344): warning:  #188-D: enumerated type mixed with another type
..\..\User\Aider_Data_Protocol\AiderProtocol.c(348): warning:  #188-D: enumerated type mixed with another type
..\..\User\Aider_Data_Protocol\AiderProtocol.c(363): warning:  #61-D: integer operation result is out of range
..\..\User\Aider_Data_Protocol\AiderProtocol.c(363): warning:  #188-D: enumerated type mixed with another type
..\..\User\Aider_Data_Protocol\AiderProtocol.c(412): warning:  #188-D: enumerated type mixed with another type
..\..\User\Aider_Data_Protocol\AiderProtocol.c(474): error:  #136: struct "DataFrame" has no field "OID_List"
..\..\User\Aider_Data_Protocol\AiderProtocol.c(491): error:  #136: struct "DataFrame" has no field "OID_List"
..\..\User\Aider_Data_Protocol\AiderProtocol.c(524): error:  #136: struct "DataFrame" has no field "OID_List"
..\..\User\Aider_Data_Protocol\AiderProtocol.c(551): error:  #136: struct "DataFrame" has no field "OID_List"
..\..\User\Aider_Data_Protocol\AiderProtocol.c(576): error:  #136: struct "DataFrame" has no field "OID_List"
..\..\User\Aider_Data_Protocol\AiderProtocol.c(600): error:  #136: struct "DataFrame" has no field "OID_List"
..\..\User\Aider_Data_Protocol\AiderProtocol.c(620): error:  #136: struct "DataFrame" has no field "OID_List"
..\..\User\Aider_Data_Protocol\AiderProtocol.c(643): error:  #136: struct "DataFrame" has no field "OID_Count"
..\..\User\Aider_Data_Protocol\AiderProtocol.c(647): error:  #136: struct "DataFrame" has no field "OID_Count"
..\..\User\Aider_Data_Protocol\AiderProtocol.c(654): error:  #167: argument of type "struct DataFrame" is incompatible with parameter of type "struct CommandFrame"
..\..\User\Aider_Data_Protocol\AiderProtocol.c(392): warning:  #177-D: variable "RecTagList" was declared but never referenced
"..\..\Output\Template.axf" - 10 Errors, 15 Warning(s).
Target not created
Build target 'USART1£¨interrupt£©'
compiling AiderProtocol.c...
..\..\User\Aider_Data_Protocol\AiderProtocol.c(222): warning:  #188-D: enumerated type mixed with another type
..\..\User\Aider_Data_Protocol\AiderProtocol.c(226): warning:  #188-D: enumerated type mixed with another type
..\..\User\Aider_Data_Protocol\AiderProtocol.c(246): warning:  #188-D: enumerated type mixed with another type
..\..\User\Aider_Data_Protocol\AiderProtocol.c(257): warning:  #188-D: enumerated type mixed with another type
..\..\User\Aider_Data_Protocol\AiderProtocol.c(313): warning:  #167-D: argument of type "uint8_t *" is incompatible with parameter of type "char *"
..\..\User\Aider_Data_Protocol\AiderProtocol.c(328): warning:  #940-D: missing return statement at end of non-void function "SendDataToServ"
..\..\User\Aider_Data_Protocol\AiderProtocol.c(163): warning:  #177-D: variable "DevType" was declared but never referenced
..\..\User\Aider_Data_Protocol\AiderProtocol.c(164): warning:  #177-D: variable "RDataType" was declared but never referenced
..\..\User\Aider_Data_Protocol\AiderProtocol.c(176): warning:  #177-D: variable "j" was declared but never referenced
..\..\User\Aider_Data_Protocol\AiderProtocol.c(344): warning:  #188-D: enumerated type mixed with another type
..\..\User\Aider_Data_Protocol\AiderProtocol.c(348): warning:  #188-D: enumerated type mixed with another type
..\..\User\Aider_Data_Protocol\AiderProtocol.c(363): warning:  #61-D: integer operation result is out of range
..\..\User\Aider_Data_Protocol\AiderProtocol.c(363): warning:  #188-D: enumerated type mixed with another type
..\..\User\Aider_Data_Protocol\AiderProtocol.c(412): warning:  #188-D: enumerated type mixed with another type
..\..\User\Aider_Data_Protocol\AiderProtocol.c(392): warning:  #177-D: variable "RecTagList" was declared but never referenced
linking...
Program Size: Code=35788 RO-data=1116 RW-data=172 ZI-data=3708  
FromELF: creating hex file...
"..\..\Output\Template.axf" - 0 Errors, 15 Warning(s).
Build target 'USART1£¨interrupt£©'
compiling AiderProtocol.c...
..\..\User\Aider_Data_Protocol\AiderProtocol.c(222): warning:  #188-D: enumerated type mixed with another type
..\..\User\Aider_Data_Protocol\AiderProtocol.c(226): warning:  #188-D: enumerated type mixed with another type
..\..\User\Aider_Data_Protocol\AiderProtocol.c(246): warning:  #188-D: enumerated type mixed with another type
..\..\User\Aider_Data_Protocol\AiderProtocol.c(257): warning:  #188-D: enumerated type mixed with another type
..\..\User\Aider_Data_Protocol\AiderProtocol.c(313): warning:  #167-D: argument of type "uint8_t *" is incompatible with parameter of type "char *"
..\..\User\Aider_Data_Protocol\AiderProtocol.c(328): warning:  #940-D: missing return statement at end of non-void function "SendDataToServ"
..\..\User\Aider_Data_Protocol\AiderProtocol.c(163): warning:  #177-D: variable "DevType" was declared but never referenced
..\..\User\Aider_Data_Protocol\AiderProtocol.c(164): warning:  #177-D: variable "RDataType" was declared but never referenced
..\..\User\Aider_Data_Protocol\AiderProtocol.c(176): warning:  #177-D: variable "j" was declared but never referenced
..\..\User\Aider_Data_Protocol\AiderProtocol.c(344): warning:  #188-D: enumerated type mixed with another type
..\..\User\Aider_Data_Protocol\AiderProtocol.c(348): warning:  #188-D: enumerated type mixed with another type
..\..\User\Aider_Data_Protocol\AiderProtocol.c(363): warning:  #61-D: integer operation result is out of range
..\..\User\Aider_Data_Protocol\AiderProtocol.c(363): warning:  #188-D: enumerated type mixed with another type
..\..\User\Aider_Data_Protocol\AiderProtocol.c(412): warning:  #188-D: enumerated type mixed with another type
..\..\User\Aider_Data_Protocol\AiderProtocol.c(392): warning:  #177-D: variable "RecTagList" was declared but never referenced
linking...
Program Size: Code=35772 RO-data=1116 RW-data=172 ZI-data=3708  
FromELF: creating hex file...
"..\..\Output\Template.axf" - 0 Errors, 15 Warning(s).
Build target 'USART1£¨interrupt£©'
linking...
Program Size: Code=35772 RO-data=1116 RW-data=172 ZI-data=3708  
FromELF: creating hex file...
"..\..\Output\Template.axf" - 0 Errors, 0 Warning(s).
Build target 'USART1£¨interrupt£©'
linking...
Program Size: Code=35772 RO-data=1116 RW-data=172 ZI-data=3708  
FromELF: creating hex file...
"..\..\Output\Template.axf" - 0 Errors, 0 Warning(s).
Build target 'USART1£¨interrupt£©'
compiling common.c...
linking...
Program Size: Code=35632 RO-data=1112 RW-data=172 ZI-data=3708  
FromELF: creating hex file...
"..\..\Output\Template.axf" - 0 Errors, 0 Warning(s).
Build target 'USART1£¨interrupt£©'
compiling common.c...
linking...
Program Size: Code=35628 RO-data=1116 RW-data=172 ZI-data=3708  
FromELF: creating hex file...
"..\..\Output\Template.axf" - 0 Errors, 0 Warning(s).
Build target 'USART1£¨interrupt£©'
linking...
Program Size: Code=35628 RO-data=1116 RW-data=172 ZI-data=3708  
FromELF: creating hex file...
"..\..\Output\Template.axf" - 0 Errors, 0 Warning(s).
Build target 'USART1£¨interrupt£©'
linking...
Program Size: Code=35628 RO-data=1116 RW-data=172 ZI-data=3708  
FromELF: creating hex file...
"..\..\Output\Template.axf" - 0 Errors, 0 Warning(s).
Build target 'USART1£¨interrupt£©'
compiling main.c...
..\..\User\test\test.h(21): warning:  #1-D: last line of file ends without a newline
..\..\User\main.c(328): warning:  #940-D: missing return statement at end of non-void function "Filter"
..\..\User\main.c(405): warning:  #61-D: integer operation result is out of range
..\..\User\main.c(405): warning:  #188-D: enumerated type mixed with another type
..\..\User\main.c(406): warning:  #188-D: enumerated type mixed with another type
..\..\User\main.c(574): warning:  #177-D: variable "j" was declared but never referenced
compiling gprs.c...
..\..\User\test\test.h(21): warning:  #1-D: last line of file ends without a newline
..\..\User\gprs\gprs.c(705): warning:  #177-D: variable "temp" was declared but never referenced
..\..\User\gprs\gprs.c(706): warning:  #177-D: variable "interget" was declared but never referenced
..\..\User\gprs\gprs.c(707): warning:  #177-D: variable "decimal" was declared but never referenced
..\..\User\gprs\gprs.c(1333): warning:  #177-D: variable "counter" was declared but never referenced
..\..\User\gprs\gprs.c(1334): warning:  #177-D: variable "i" was declared but never referenced
..\..\User\gprs\gprs.c(1636): warning:  #177-D: variable "PayloadLen" was declared but never referenced
..\..\User\gprs\gprs.c(1637): warning:  #177-D: variable "CrcVerify" was declared but never referenced
..\..\User\gprs\gprs.c(1638): warning:  #177-D: variable "CrcRecev" was declared but never referenced
..\..\User\gprs\gprs.c(1639): warning:  #177-D: variable "k" was declared but never referenced
..\..\User\gprs\gprs.c(1859): warning:  #186-D: pointless comparison of unsigned integer with zero
..\..\User\gprs\gprs.c(1710): warning:  #177-D: variable "CharArry" was declared but never referenced
..\..\User\gprs\gprs.c(1718): warning:  #177-D: variable "i" was declared but never referenced
..\..\User\gprs\gprs.c(37): warning:  #177-D: variable "RespRev_OK" was declared but never referenced
compiling common.c...
compiling test.c...
..\..\User\test\test.h(21): warning:  #1-D: last line of file ends without a newline
..\..\User\test\test.c(46): warning:  #167-D: argument of type "char *" is incompatible with parameter of type "u8 *"
..\..\User\test\test.c(47): warning:  #167-D: argument of type "char *" is incompatible with parameter of type "u8 *"
..\..\User\test\test.c(48): warning:  #167-D: argument of type "char *" is incompatible with parameter of type "u8 *"
compiling 433_Wiminet.c...
compiling SensorInit.c...
..\..\User\test\test.h(21): warning:  #1-D: last line of file ends without a newline
linking...
Program Size: Code=35628 RO-data=1116 RW-data=172 ZI-data=3708  
FromELF: creating hex file...
"..\..\Output\Template.axf" - 0 Errors, 25 Warning(s).
Build target 'USART1£¨interrupt£©'
compiling main.c...
..\..\User\test\test.h(21): warning:  #1-D: last line of file ends without a newline
..\..\User\main.c(328): warning:  #940-D: missing return statement at end of non-void function "Filter"
..\..\User\main.c(405): warning:  #61-D: integer operation result is out of range
..\..\User\main.c(405): warning:  #188-D: enumerated type mixed with another type
..\..\User\main.c(406): warning:  #188-D: enumerated type mixed with another type
..\..\User\main.c(574): warning:  #177-D: variable "j" was declared but never referenced
compiling gprs.c...
..\..\User\test\test.h(21): warning:  #1-D: last line of file ends without a newline
..\..\User\gprs\gprs.c(705): warning:  #177-D: variable "temp" was declared but never referenced
..\..\User\gprs\gprs.c(706): warning:  #177-D: variable "interget" was declared but never referenced
..\..\User\gprs\gprs.c(707): warning:  #177-D: variable "decimal" was declared but never referenced
..\..\User\gprs\gprs.c(1333): warning:  #177-D: variable "counter" was declared but never referenced
..\..\User\gprs\gprs.c(1334): warning:  #177-D: variable "i" was declared but never referenced
..\..\User\gprs\gprs.c(1636): warning:  #177-D: variable "PayloadLen" was declared but never referenced
..\..\User\gprs\gprs.c(1637): warning:  #177-D: variable "CrcVerify" was declared but never referenced
..\..\User\gprs\gprs.c(1638): warning:  #177-D: variable "CrcRecev" was declared but never referenced
..\..\User\gprs\gprs.c(1639): warning:  #177-D: variable "k" was declared but never referenced
..\..\User\gprs\gprs.c(1859): warning:  #186-D: pointless comparison of unsigned integer with zero
..\..\User\gprs\gprs.c(1710): warning:  #177-D: variable "CharArry" was declared but never referenced
..\..\User\gprs\gprs.c(1718): warning:  #177-D: variable "i" was declared but never referenced
..\..\User\gprs\gprs.c(37): warning:  #177-D: variable "RespRev_OK" was declared but never referenced
compiling common.c...
compiling test.c...
..\..\User\test\test.h(21): warning:  #1-D: last line of file ends without a newline
..\..\User\test\test.c(46): warning:  #167-D: argument of type "char *" is incompatible with parameter of type "u8 *"
..\..\User\test\test.c(47): warning:  #167-D: argument of type "char *" is incompatible with parameter of type "u8 *"
..\..\User\test\test.c(48): warning:  #167-D: argument of type "char *" is incompatible with parameter of type "u8 *"
compiling 433_Wiminet.c...
compiling SensorInit.c...
..\..\User\test\test.h(21): warning:  #1-D: last line of file ends without a newline
linking...
Program Size: Code=35628 RO-data=1116 RW-data=172 ZI-data=3708  
FromELF: creating hex file...
"..\..\Output\Template.axf" - 0 Errors, 25 Warning(s).
Build target 'USART1£¨interrupt£©'
compiling gprs.c...
..\..\User\test\test.h(21): warning:  #1-D: last line of file ends without a newline
..\..\User\gprs\gprs.c(705): warning:  #177-D: variable "temp" was declared but never referenced
..\..\User\gprs\gprs.c(706): warning:  #177-D: variable "interget" was declared but never referenced
..\..\User\gprs\gprs.c(707): warning:  #177-D: variable "decimal" was declared but never referenced
..\..\User\gprs\gprs.c(1333): warning:  #177-D: variable "counter" was declared but never referenced
..\..\User\gprs\gprs.c(1334): warning:  #177-D: variable "i" was declared but never referenced
..\..\User\gprs\gprs.c(1636): warning:  #177-D: variable "PayloadLen" was declared but never referenced
..\..\User\gprs\gprs.c(1637): warning:  #177-D: variable "CrcVerify" was declared but never referenced
..\..\User\gprs\gprs.c(1638): warning:  #177-D: variable "CrcRecev" was declared but never referenced
..\..\User\gprs\gprs.c(1639): warning:  #177-D: variable "k" was declared but never referenced
..\..\User\gprs\gprs.c(1859): warning:  #186-D: pointless comparison of unsigned integer with zero
..\..\User\gprs\gprs.c(1710): warning:  #177-D: variable "CharArry" was declared but never referenced
..\..\User\gprs\gprs.c(1718): warning:  #177-D: variable "i" was declared but never referenced
..\..\User\gprs\gprs.c(37): warning:  #177-D: variable "RespRev_OK" was declared but never referenced
linking...
Program Size: Code=35628 RO-data=1116 RW-data=172 ZI-data=3708  
FromELF: creating hex file...
"..\..\Output\Template.axf" - 0 Errors, 14 Warning(s).
