<html>
<body>
<pre>
<h1>µVision Build Log</h1>
<h2>Project:</h2>
C:\Users\lenovo\Desktop\È¼ÆøÖÇÄÜ¼à²âÖÕ¶ËGSM³ÌÐò\Project\RVMDK£¨uv4£©\iSO-STM32.uvproj
Project File Date:  12/19/2016

<h2>Output:</h2>
Build target 'USART1£¨interrupt£©'
compiling main.c...
..\..\User\test\test.h(21): warning:  #1-D: last line of file ends without a newline
..\..\User\main.c(328): warning:  #940-D: missing return statement at end of non-void function "Filter"
..\..\User\main.c(405): warning:  #61-D: integer operation result is out of range
..\..\User\main.c(405): warning:  #188-D: enumerated type mixed with another type
..\..\User\main.c(406): warning:  #188-D: enumerated type mixed with another type
..\..\User\main.c(574): warning:  #177-D: variable "j" was declared but never referenced
compiling gprs.c...
..\..\User\test\test.h(21): warning:  #1-D: last line of file ends without a newline
..\..\User\gprs\gprs.c(705): warning:  #177-D: variable "temp" was declared but never referenced
..\..\User\gprs\gprs.c(706): warning:  #177-D: variable "interget" was declared but never referenced
..\..\User\gprs\gprs.c(707): warning:  #177-D: variable "decimal" was declared but never referenced
..\..\User\gprs\gprs.c(1333): warning:  #177-D: variable "counter" was declared but never referenced
..\..\User\gprs\gprs.c(1334): warning:  #177-D: variable "i" was declared but never referenced
..\..\User\gprs\gprs.c(1636): warning:  #177-D: variable "PayloadLen" was declared but never referenced
..\..\User\gprs\gprs.c(1637): warning:  #177-D: variable "CrcVerify" was declared but never referenced
..\..\User\gprs\gprs.c(1638): warning:  #177-D: variable "CrcRecev" was declared but never referenced
..\..\User\gprs\gprs.c(1639): warning:  #177-D: variable "k" was declared but never referenced
..\..\User\gprs\gprs.c(1859): warning:  #186-D: pointless comparison of unsigned integer with zero
..\..\User\gprs\gprs.c(1710): warning:  #177-D: variable "CharArry" was declared but never referenced
..\..\User\gprs\gprs.c(1718): warning:  #177-D: variable "i" was declared but never referenced
..\..\User\gprs\gprs.c(37): warning:  #177-D: variable "RespRev_OK" was declared but never referenced
compiling AiderProtocol.c...
..\..\User\Aider_Data_Protocol\AiderProtocol.c(222): warning:  #188-D: enumerated type mixed with another type
..\..\User\Aider_Data_Protocol\AiderProtocol.c(226): warning:  #188-D: enumerated type mixed with another type
..\..\User\Aider_Data_Protocol\AiderProtocol.c(246): warning:  #188-D: enumerated type mixed with another type
..\..\User\Aider_Data_Protocol\AiderProtocol.c(257): warning:  #188-D: enumerated type mixed with another type
..\..\User\Aider_Data_Protocol\AiderProtocol.c(313): warning:  #167-D: argument of type "uint8_t *" is incompatible with parameter of type "char *"
..\..\User\Aider_Data_Protocol\AiderProtocol.c(328): warning:  #940-D: missing return statement at end of non-void function "SendDataToServ"
..\..\User\Aider_Data_Protocol\AiderProtocol.c(163): warning:  #177-D: variable "DevType" was declared but never referenced
..\..\User\Aider_Data_Protocol\AiderProtocol.c(164): warning:  #177-D: variable "RDataType" was declared but never referenced
..\..\User\Aider_Data_Protocol\AiderProtocol.c(176): warning:  #177-D: variable "j" was declared but never referenced
..\..\User\Aider_Data_Protocol\AiderProtocol.c(344): warning:  #188-D: enumerated type mixed with another type
..\..\User\Aider_Data_Protocol\AiderProtocol.c(348): warning:  #188-D: enumerated type mixed with another type
..\..\User\Aider_Data_Protocol\AiderProtocol.c(363): warning:  #61-D: integer operation result is out of range
..\..\User\Aider_Data_Protocol\AiderProtocol.c(363): warning:  #188-D: enumerated type mixed with another type
..\..\User\Aider_Data_Protocol\AiderProtocol.c(412): warning:  #188-D: enumerated type mixed with another type
..\..\User\Aider_Data_Protocol\AiderProtocol.c(392): warning:  #177-D: variable "RecTagList" was declared but never referenced
compiling SensorInit.c...
..\..\User\test\test.h(21): warning:  #1-D: last line of file ends without a newline
linking...
Program Size: Code=35628 RO-data=1116 RW-data=172 ZI-data=3708  
FromELF: creating hex file...
"..\..\Output\Template.axf" - 0 Errors, 36 Warning(s).
Build target 'USART1£¨interrupt£©'
linking...
Program Size: Code=35628 RO-data=1116 RW-data=172 ZI-data=3708  
FromELF: creating hex file...
"..\..\Output\Template.axf" - 0 Errors, 0 Warning(s).
Build target 'USART1£¨interrupt£©'
compiling main.c...
..\..\User\test\test.h(21): warning:  #1-D: last line of file ends without a newline
..\..\User\main.c(328): warning:  #940-D: missing return statement at end of non-void function "Filter"
..\..\User\main.c(405): warning:  #61-D: integer operation result is out of range
..\..\User\main.c(405): warning:  #188-D: enumerated type mixed with another type
..\..\User\main.c(406): warning:  #188-D: enumerated type mixed with another type
..\..\User\main.c(572): warning:  #177-D: variable "j" was declared but never referenced
linking...
Program Size: Code=35628 RO-data=1116 RW-data=172 ZI-data=3708  
FromELF: creating hex file...
"..\..\Output\Template.axf" - 0 Errors, 6 Warning(s).
Build target 'USART1£¨interrupt£©'
compiling main.c...
..\..\User\test\test.h(21): warning:  #1-D: last line of file ends without a newline
..\..\User\main.c(328): warning:  #940-D: missing return statement at end of non-void function "Filter"
..\..\User\main.c(405): warning:  #61-D: integer operation result is out of range
..\..\User\main.c(405): warning:  #188-D: enumerated type mixed with another type
..\..\User\main.c(406): warning:  #188-D: enumerated type mixed with another type
..\..\User\main.c(572): warning:  #177-D: variable "j" was declared but never referenced
compiling gprs.c...
..\..\User\test\test.h(21): warning:  #1-D: last line of file ends without a newline
..\..\User\gprs\gprs.c(705): warning:  #177-D: variable "temp" was declared but never referenced
..\..\User\gprs\gprs.c(706): warning:  #177-D: variable "interget" was declared but never referenced
..\..\User\gprs\gprs.c(707): warning:  #177-D: variable "decimal" was declared but never referenced
..\..\User\gprs\gprs.c(1333): warning:  #177-D: variable "counter" was declared but never referenced
..\..\User\gprs\gprs.c(1334): warning:  #177-D: variable "i" was declared but never referenced
..\..\User\gprs\gprs.c(1636): warning:  #177-D: variable "PayloadLen" was declared but never referenced
..\..\User\gprs\gprs.c(1637): warning:  #177-D: variable "CrcVerify" was declared but never referenced
..\..\User\gprs\gprs.c(1638): warning:  #177-D: variable "CrcRecev" was declared but never referenced
..\..\User\gprs\gprs.c(1639): warning:  #177-D: variable "k" was declared but never referenced
..\..\User\gprs\gprs.c(1859): warning:  #186-D: pointless comparison of unsigned integer with zero
..\..\User\gprs\gprs.c(1710): warning:  #177-D: variable "CharArry" was declared but never referenced
..\..\User\gprs\gprs.c(1718): warning:  #177-D: variable "i" was declared but never referenced
..\..\User\gprs\gprs.c(37): warning:  #177-D: variable "RespRev_OK" was declared but never referenced
compiling bsp_rtc.c...
compiling AiderProtocol.c...
..\..\User\Aider_Data_Protocol\AiderProtocol.c(222): warning:  #188-D: enumerated type mixed with another type
..\..\User\Aider_Data_Protocol\AiderProtocol.c(226): warning:  #188-D: enumerated type mixed with another type
..\..\User\Aider_Data_Protocol\AiderProtocol.c(246): warning:  #188-D: enumerated type mixed with another type
..\..\User\Aider_Data_Protocol\AiderProtocol.c(257): warning:  #188-D: enumerated type mixed with another type
..\..\User\Aider_Data_Protocol\AiderProtocol.c(313): warning:  #167-D: argument of type "uint8_t *" is incompatible with parameter of type "char *"
..\..\User\Aider_Data_Protocol\AiderProtocol.c(328): warning:  #940-D: missing return statement at end of non-void function "SendDataToServ"
..\..\User\Aider_Data_Protocol\AiderProtocol.c(163): warning:  #177-D: variable "DevType" was declared but never referenced
..\..\User\Aider_Data_Protocol\AiderProtocol.c(164): warning:  #177-D: variable "RDataType" was declared but never referenced
..\..\User\Aider_Data_Protocol\AiderProtocol.c(176): warning:  #177-D: variable "j" was declared but never referenced
..\..\User\Aider_Data_Protocol\AiderProtocol.c(344): warning:  #188-D: enumerated type mixed with another type
..\..\User\Aider_Data_Protocol\AiderProtocol.c(348): warning:  #188-D: enumerated type mixed with another type
..\..\User\Aider_Data_Protocol\AiderProtocol.c(363): warning:  #61-D: integer operation result is out of range
..\..\User\Aider_Data_Protocol\AiderProtocol.c(363): warning:  #188-D: enumerated type mixed with another type
..\..\User\Aider_Data_Protocol\AiderProtocol.c(412): warning:  #188-D: enumerated type mixed with another type
..\..\User\Aider_Data_Protocol\AiderProtocol.c(392): warning:  #177-D: variable "RecTagList" was declared but never referenced
compiling common.c...
compiling test.c...
..\..\User\test\test.h(21): warning:  #1-D: last line of file ends without a newline
..\..\User\test\test.c(46): warning:  #167-D: argument of type "char *" is incompatible with parameter of type "u8 *"
..\..\User\test\test.c(47): warning:  #167-D: argument of type "char *" is incompatible with parameter of type "u8 *"
..\..\User\test\test.c(48): warning:  #167-D: argument of type "char *" is incompatible with parameter of type "u8 *"
compiling 433_Wiminet.c...
compiling SensorInit.c...
..\..\User\test\test.h(21): warning:  #1-D: last line of file ends without a newline
linking...
Program Size: Code=35628 RO-data=1116 RW-data=172 ZI-data=3708  
FromELF: creating hex file...
"..\..\Output\Template.axf" - 0 Errors, 40 Warning(s).
Build target 'USART1£¨interrupt£©'
linking...
Program Size: Code=35628 RO-data=1116 RW-data=172 ZI-data=3708  
FromELF: creating hex file...
"..\..\Output\Template.axf" - 0 Errors, 0 Warning(s).
Build target 'USART1£¨interrupt£©'
compiling main.c...
..\..\User\test\test.h(21): warning:  #1-D: last line of file ends without a newline
..\..\User\main.c(328): warning:  #940-D: missing return statement at end of non-void function "Filter"
..\..\User\main.c(405): warning:  #61-D: integer operation result is out of range
..\..\User\main.c(405): warning:  #188-D: enumerated type mixed with another type
..\..\User\main.c(406): warning:  #188-D: enumerated type mixed with another type
..\..\User\main.c(572): warning:  #177-D: variable "j" was declared but never referenced
compiling gprs.c...
..\..\User\test\test.h(21): warning:  #1-D: last line of file ends without a newline
..\..\User\gprs\gprs.c(705): warning:  #177-D: variable "temp" was declared but never referenced
..\..\User\gprs\gprs.c(706): warning:  #177-D: variable "interget" was declared but never referenced
..\..\User\gprs\gprs.c(707): warning:  #177-D: variable "decimal" was declared but never referenced
..\..\User\gprs\gprs.c(1333): warning:  #177-D: variable "counter" was declared but never referenced
..\..\User\gprs\gprs.c(1334): warning:  #177-D: variable "i" was declared but never referenced
..\..\User\gprs\gprs.c(1634): warning:  #177-D: variable "PayloadLen" was declared but never referenced
..\..\User\gprs\gprs.c(1635): warning:  #177-D: variable "CrcVerify" was declared but never referenced
..\..\User\gprs\gprs.c(1636): warning:  #177-D: variable "CrcRecev" was declared but never referenced
..\..\User\gprs\gprs.c(1637): warning:  #177-D: variable "k" was declared but never referenced
..\..\User\gprs\gprs.c(1857): warning:  #186-D: pointless comparison of unsigned integer with zero
..\..\User\gprs\gprs.c(1708): warning:  #177-D: variable "CharArry" was declared but never referenced
..\..\User\gprs\gprs.c(1716): warning:  #177-D: variable "i" was declared but never referenced
..\..\User\gprs\gprs.c(37): warning:  #177-D: variable "RespRev_OK" was declared but never referenced
linking...
Program Size: Code=35628 RO-data=1116 RW-data=172 ZI-data=3708  
FromELF: creating hex file...
"..\..\Output\Template.axf" - 0 Errors, 20 Warning(s).
