ARM Linker, 5.03 [Build 76] [MDK-ARM Standard]

==============================================================================

Section Cross References

    startup_stm32f10x_hd.o(RESET) refers to startup_stm32f10x_hd.o(STACK) for __initial_sp
    startup_stm32f10x_hd.o(RESET) refers to startup_stm32f10x_hd.o(.text) for Reset_Handler
    startup_stm32f10x_hd.o(RESET) refers to stm32f10x_it.o(i.NMI_Handler) for NMI_Handler
    startup_stm32f10x_hd.o(RESET) refers to stm32f10x_it.o(i.HardFault_Handler) for HardFault_Handler
    startup_stm32f10x_hd.o(RESET) refers to stm32f10x_it.o(i.MemManage_Handler) for MemManage_Handler
    startup_stm32f10x_hd.o(RESET) refers to stm32f10x_it.o(i.BusFault_Handler) for BusFault_Handler
    startup_stm32f10x_hd.o(RESET) refers to stm32f10x_it.o(i.UsageFault_Handler) for UsageFault_Handler
    startup_stm32f10x_hd.o(RESET) refers to stm32f10x_it.o(i.SVC_Handler) for SVC_Handler
    startup_stm32f10x_hd.o(RESET) refers to stm32f10x_it.o(i.DebugMon_Handler) for DebugMon_Handler
    startup_stm32f10x_hd.o(RESET) refers to stm32f10x_it.o(i.PendSV_Handler) for PendSV_Handler
    startup_stm32f10x_hd.o(RESET) refers to stm32f10x_it.o(i.SysTick_Handler) for SysTick_Handler
    startup_stm32f10x_hd.o(RESET) refers to stm32f10x_it.o(i.WWDG_IRQHandler) for WWDG_IRQHandler
    startup_stm32f10x_hd.o(RESET) refers to stm32f10x_it.o(i.RTC_IRQHandler) for RTC_IRQHandler
    startup_stm32f10x_hd.o(RESET) refers to stm32f10x_it.o(i.TIM3_IRQHandler) for TIM3_IRQHandler
    startup_stm32f10x_hd.o(RESET) refers to stm32f10x_it.o(i.USART1_IRQHandler) for USART1_IRQHandler
    startup_stm32f10x_hd.o(RESET) refers to stm32f10x_it.o(i.USART2_IRQHandler) for USART2_IRQHandler
    startup_stm32f10x_hd.o(RESET) refers to stm32f10x_it.o(i.USART3_IRQHandler) for USART3_IRQHandler
    startup_stm32f10x_hd.o(RESET) refers to stm32f10x_it.o(i.UART4_IRQHandler) for UART4_IRQHandler
    startup_stm32f10x_hd.o(.text) refers to system_stm32f10x.o(i.SystemInit) for SystemInit
    startup_stm32f10x_hd.o(.text) refers to entry.o(.ARM.Collect$$$$00000000) for __main
    system_stm32f10x.o(i.SetSysClock) refers to system_stm32f10x.o(i.SetSysClockTo72) for SetSysClockTo72
    system_stm32f10x.o(i.SystemCoreClockUpdate) refers to system_stm32f10x.o(.data) for SystemCoreClock
    system_stm32f10x.o(i.SystemInit) refers to system_stm32f10x.o(i.SetSysClock) for SetSysClock
    stm32f10x_adc.o(i.ADC_DeInit) refers to stm32f10x_rcc.o(i.RCC_APB2PeriphResetCmd) for RCC_APB2PeriphResetCmd
    stm32f10x_bkp.o(i.BKP_DeInit) refers to stm32f10x_rcc.o(i.RCC_BackupResetCmd) for RCC_BackupResetCmd
    stm32f10x_can.o(i.CAN_DeInit) refers to stm32f10x_rcc.o(i.RCC_APB1PeriphResetCmd) for RCC_APB1PeriphResetCmd
    stm32f10x_can.o(i.CAN_GetITStatus) refers to stm32f10x_can.o(i.CheckITStatus) for CheckITStatus
    stm32f10x_cec.o(i.CEC_DeInit) refers to stm32f10x_rcc.o(i.RCC_APB1PeriphResetCmd) for RCC_APB1PeriphResetCmd
    stm32f10x_dac.o(i.DAC_DeInit) refers to stm32f10x_rcc.o(i.RCC_APB1PeriphResetCmd) for RCC_APB1PeriphResetCmd
    stm32f10x_flash.o(i.FLASH_EnableWriteProtection) refers to stm32f10x_flash.o(i.FLASH_WaitForLastOperation) for FLASH_WaitForLastOperation
    stm32f10x_flash.o(i.FLASH_EraseAllBank1Pages) refers to stm32f10x_flash.o(i.FLASH_WaitForLastBank1Operation) for FLASH_WaitForLastBank1Operation
    stm32f10x_flash.o(i.FLASH_EraseAllPages) refers to stm32f10x_flash.o(i.FLASH_WaitForLastOperation) for FLASH_WaitForLastOperation
    stm32f10x_flash.o(i.FLASH_EraseOptionBytes) refers to stm32f10x_flash.o(i.FLASH_GetReadOutProtectionStatus) for FLASH_GetReadOutProtectionStatus
    stm32f10x_flash.o(i.FLASH_EraseOptionBytes) refers to stm32f10x_flash.o(i.FLASH_WaitForLastOperation) for FLASH_WaitForLastOperation
    stm32f10x_flash.o(i.FLASH_ErasePage) refers to stm32f10x_flash.o(i.FLASH_WaitForLastOperation) for FLASH_WaitForLastOperation
    stm32f10x_flash.o(i.FLASH_ProgramHalfWord) refers to stm32f10x_flash.o(i.FLASH_WaitForLastOperation) for FLASH_WaitForLastOperation
    stm32f10x_flash.o(i.FLASH_ProgramOptionByteData) refers to stm32f10x_flash.o(i.FLASH_WaitForLastOperation) for FLASH_WaitForLastOperation
    stm32f10x_flash.o(i.FLASH_ProgramWord) refers to stm32f10x_flash.o(i.FLASH_WaitForLastOperation) for FLASH_WaitForLastOperation
    stm32f10x_flash.o(i.FLASH_ReadOutProtection) refers to stm32f10x_flash.o(i.FLASH_WaitForLastOperation) for FLASH_WaitForLastOperation
    stm32f10x_flash.o(i.FLASH_UserOptionByteConfig) refers to stm32f10x_flash.o(i.FLASH_WaitForLastOperation) for FLASH_WaitForLastOperation
    stm32f10x_flash.o(i.FLASH_WaitForLastBank1Operation) refers to stm32f10x_flash.o(i.FLASH_GetBank1Status) for FLASH_GetBank1Status
    stm32f10x_flash.o(i.FLASH_WaitForLastOperation) refers to stm32f10x_flash.o(i.FLASH_GetBank1Status) for FLASH_GetBank1Status
    stm32f10x_gpio.o(i.GPIO_AFIODeInit) refers to stm32f10x_rcc.o(i.RCC_APB2PeriphResetCmd) for RCC_APB2PeriphResetCmd
[...]
    i.ReverseBitOrder16                      0x08003038   Section        0  433_wiminet.o(i.ReverseBitOrder16)
    i.SPI_Cmd                                0x0800305c   Section        0  stm32f10x_spi.o(i.SPI_Cmd)
    i.SPI_FLASH_BufferRead                   0x08003074   Section        0  flash.o(i.SPI_FLASH_BufferRead)
    i.SPI_FLASH_BufferWrite                  0x080030c8   Section        0  flash.o(i.SPI_FLASH_BufferWrite)
    i.SPI_FLASH_Init                         0x080031ec   Section        0  flash.o(i.SPI_FLASH_Init)
    i.SPI_FLASH_PageWrite                    0x080032b0   Section        0  flash.o(i.SPI_FLASH_PageWrite)
    i.SPI_FLASH_ReadDeviceID                 0x08003314   Section        0  flash.o(i.SPI_FLASH_ReadDeviceID)
    i.SPI_FLASH_ReadID                       0x08003354   Section        0  flash.o(i.SPI_FLASH_ReadID)
    i.SPI_FLASH_SectorErase                  0x080033a8   Section        0  flash.o(i.SPI_FLASH_SectorErase)
    i.SPI_FLASH_SendByte                     0x080033f0   Section        0  flash.o(i.SPI_FLASH_SendByte)
    i.SPI_FLASH_WaitForWriteEnd              0x08003428   Section        0  flash.o(i.SPI_FLASH_WaitForWriteEnd)
    i.SPI_FLASH_WriteEnable                  0x0800345c   Section        0  flash.o(i.SPI_FLASH_WriteEnable)
    i.SPI_Flash_PowerDown                    0x08003480   Section        0  flash.o(i.SPI_Flash_PowerDown)
    i.SPI_I2S_GetFlagStatus                  0x080034a4   Section        0  stm32f10x_spi.o(i.SPI_I2S_GetFlagStatus)
    i.SPI_I2S_ReceiveData                    0x080034b6   Section        0  stm32f10x_spi.o(i.SPI_I2S_ReceiveData)
    i.SPI_I2S_SendData                       0x080034bc   Section        0  stm32f10x_spi.o(i.SPI_I2S_SendData)
    i.SPI_Init                               0x080034c0   Section        0  stm32f10x_spi.o(i.SPI_Init)
    i.SVC_Handler                            0x080034fc   Section        0  stm32f10x_it.o(i.SVC_Handler)
    i.SendDataToServ                         0x08003530   Section        0  aiderprotocol.o(i.SendDataToServ)
    i.SendMessage                            0x0800380c   Section        0  433_wiminet.o(i.SendMessage)
    i.SendPretreatment                       0x0800384c   Section        0  gprs.o(i.SendPretreatment)
    i.SenserDataCollect                      0x08003864   Section        0  main.o(i.SenserDataCollect)
    i.SensorSetMessage                       0x08003af8   Section        0  gprs.o(i.SensorSetMessage)
    i.SetSysClock                            0x08003d28   Section        0  system_stm32f10x.o(i.SetSysClock)
    SetSysClock                              0x08003d29   Thumb Code     8  system_stm32f10x.o(i.SetSysClock)
    i.SetSysClockTo72                        0x08003d30   Section        0  system_stm32f10x.o(i.SetSysClockTo72)
    SetSysClockTo72                          0x08003d31   Thumb Code   212  system_stm32f10x.o(i.SetSysClockTo72)
    i.Set_register_ds2780                    0x08003e0c   Section        0  ds2780.o(i.Set_register_ds2780)
    i.Sms_Analysis                           0x08003fa8   Section        0  gprs.o(i.Sms_Analysis)
    i.Sms_Consult                            0x08005414   Section        0  gprs.o(i.Sms_Consult)
    i.Sms_Send                               0x08005458   Section        0  gprs.o(i.Sms_Send)
    i.SysTick_Handler                        0x080054d4   Section        0  stm32f10x_it.o(i.SysTick_Handler)
    i.SysTick_Init                           0x080054dc   Section        0  bsp_systick.o(i.SysTick_Init)
    i.SystemInit                             0x08005558   Section        0  system_stm32f10x.o(i.SystemInit)
    i.TCP_Connect                            0x080055b8   Section        0  gprs.o(i.TCP_Connect)
    i.TCP_Disconnect                         0x080056c8   Section        0  gprs.o(i.TCP_Disconnect)
    i.TIM3_IRQHandler                        0x080056e0   Section        0  stm32f10x_it.o(i.TIM3_IRQHandler)
    i.TIM_ClearITPendingBit                  0x08005734   Section        0  stm32f10x_tim.o(i.TIM_ClearITPendingBit)
    i.TIM_Cmd                                0x0800573a   Section        0  stm32f10x_tim.o(i.TIM_Cmd)
    i.TIM_DeInit                             0x08005754   Section        0  stm32f10x_tim.o(i.TIM_DeInit)
    i.TIM_GetITStatus                        0x0800593c   Section        0  stm32f10x_tim.o(i.TIM_GetITStatus)
    i.TIM_ITConfig                           0x0800595e   Section        0  stm32f10x_tim.o(i.TIM_ITConfig)
    i.Time_Auto_Regulate                     0x08005970   Section        0  bsp_rtc.o(i.Time_Auto_Regulate)
    i.Time_Display                           0x080059f0   Section        0  bsp_rtc.o(i.Time_Display)
    i.TimingDelay_Decrement                  0x08005a04   Section        0  bsp_systick.o(i.TimingDelay_Decrement)
    i.TrapData                               0x08005a1c   Section        0  aiderprotocol.o(i.TrapData)
    i.Treaty_Data_Analysis                   0x08005b3c   Section        0  aiderprotocol.o(i.Treaty_Data_Analysis)
    i.UART4_IRQHandler                       0x080063dc   Section        0  stm32f10x_it.o(i.UART4_IRQHandler)
    i.UART_NVIC_Configuration                0x08006478   Section        0  bsp_usart.o(i.UART_NVIC_Configuration)
    i.USART1_Config                          0x08006514   Section        0  bsp_usart.o(i.USART1_Config)
    i.USART1_IRQHandler                      0x080065f0   Section        0  stm32f10x_it.o(i.USART1_IRQHandler)
    i.USART2_IRQHandler                      0x08006690   Section        0  stm32f10x_it.o(i.USART2_IRQHandler)
    i.USART3_Config                          0x08006694   Section        0  bsp_usart.o(i.USART3_Config)
    i.USART3_DMA_Config                      0x08006738   Section        0  bsp_usart.o(i.USART3_DMA_Config)
    i.USART3_IRQHandler                      0x080067a0   Section        0  stm32f10x_it.o(i.USART3_IRQHandler)
    i.USART_ClearFlag                        0x08006818   Section        0  stm32f10x_usart.o(i.USART_ClearFlag)
    i.USART_ClearITPendingBit                0x0800682a   Section        0  stm32f10x_usart.o(i.USART_ClearITPendingBit)
    i.USART_Cmd                              0x08006848   Section        0  stm32f10x_usart.o(i.USART_Cmd)
    i.USART_DMACmd                           0x08006860   Section        0  stm32f10x_usart.o(i.USART_DMACmd)
    i.USART_DataBlock_Send                   0x08006872   Section        0  gprs.o(i.USART_DataBlock_Send)
    i.USART_GetFlagStatus                    0x080068a2   Section        0  stm32f10x_usart.o(i.USART_GetFlagStatus)
    i.USART_GetITStatus                      0x080068bc   Section        0  stm32f10x_usart.o(i.USART_GetITStatus)
    i.USART_ITConfig                         0x08006910   Section        0  stm32f10x_usart.o(i.USART_ITConfig)
    i.USART_Init                             0x0800695c   Section        0  stm32f10x_usart.o(i.USART_Init)
    i.USART_ReceiveData                      0x08006a34   Section        0  stm32f10x_usart.o(i.USART_ReceiveData)
    i.USART_SendData                         0x08006a3e   Section        0  stm32f10x_usart.o(i.USART_SendData)
    i.UploadFlash                            0x08006a48   Section        0  aiderprotocol.o(i.UploadFlash)
    i.UsageFault_Handler                     0x08006c88   Section        0  stm32f10x_it.o(i.UsageFault_Handler)
    i.WWDG_ClearFlag                         0x08006cc0   Section        0  stm32f10x_wwdg.o(i.WWDG_ClearFlag)
    i.WWDG_Enable                            0x08006ccc   Section        0  stm32f10x_wwdg.o(i.WWDG_Enable)
    i.WWDG_EnableIT                          0x08006cdc   Section        0  stm32f10x_wwdg.o(i.WWDG_EnableIT)
    i.WWDG_IRQHandler                        0x08006ce8   Section        0  stm32f10x_it.o(i.WWDG_IRQHandler)
    i.WWDG_Init                              0x08006d14   Section        0  watchdog.o(i.WWDG_Init)
    i.WWDG_SetCounter                        0x08006d74   Section        0  stm32f10x_wwdg.o(i.WWDG_SetCounter)
    i.WWDG_SetPrescaler                      0x08006d84   Section        0  stm32f10x_wwdg.o(i.WWDG_SetPrescaler)
    i.WWDG_SetWindowValue                    0x08006d9c   Section        0  stm32f10x_wwdg.o(i.WWDG_SetWindowValue)
    i.__0printf                              0x08006dc4   Section        0  printfa.o(i.__0printf)
    i.__0snprintf                            0x08006de4   Section        0  printfa.o(i.__0snprintf)
    i.__ARM_fpclassify                       0x08006e0c   Section        0  fpclassify.o(i.__ARM_fpclassify)
    i.__kernel_poly                          0x08006e34   Section        0  poly.o(i.__kernel_poly)
    i.__mathlib_dbl_underflow                0x08006ee0   Section        0  dunder.o(i.__mathlib_dbl_underflow)
    i.__scatterload_copy                     0x08006ef0   Section       14  handlers.o(i.__scatterload_copy)
    i.__scatterload_null                     0x08006efe   Section        2  handlers.o(i.__scatterload_null)
    i.__scatterload_zeroinit                 0x08006f00   Section       14  handlers.o(i.__scatterload_zeroinit)
    i.__set_errno                            0x08006f10   Section        0  errno.o(i.__set_errno)
    i._fp_digits                             0x08006f1c   Section        0  printfa.o(i._fp_digits)
    _fp_digits                               0x08006f1d   Thumb Code   326  printfa.o(i._fp_digits)
    i._printf_core                           0x08007078   Section        0  printfa.o(i._printf_core)
    _printf_core                             0x08007079   Thumb Code  1762  printfa.o(i._printf_core)
    i._printf_post_padding                   0x08007768   Section        0  printfa.o(i._printf_post_padding)
    _printf_post_padding                     0x08007769   Thumb Code    38  printfa.o(i._printf_post_padding)
    i._printf_pre_padding                    0x0800778e   Section        0  printfa.o(i._printf_pre_padding)
    _printf_pre_padding                      0x0800778f   Thumb Code    48  printfa.o(i._printf_pre_padding)
    i._snputc                                0x080077be   Section        0  printfa.o(i._snputc)
    _snputc                                  0x080077bf   Thumb Code    22  printfa.o(i._snputc)
    i.char_to_float                          0x080077d4   Section        0  gprs.o(i.char_to_float)
    i.char_to_int                            0x0800798c   Section        0  gprs.o(i.char_to_int)
    i.copy_data_ds2780                       0x08007a84   Section        0  ds2780.o(i.copy_data_ds2780)
    i.fputc                                  0x08007a9c   Section        0  bsp_usart.o(i.fputc)
    i.get_ACR                                0x08007ac0   Section        0  ds2780.o(i.get_ACR)
    i.get_RAAC                               0x08007b44   Section        0  ds2780.o(i.get_RAAC)
    i.get_current                            0x08007b94   Section        0  ds2780.o(i.get_current)
    i.get_voltage                            0x08007c20   Section        0  ds2780.o(i.get_voltage)
    i.gotoSleep                              0x08007c78   Section        0  common.o(i.gotoSleep)
    i.main                                   0x08007d3c   Section        0  main.o(i.main)
    i.mktimev                                0x08007e64   Section        0  bsp_date.o(i.mktimev)
    i.mput                                   0x08007ee4   Section        0  gprs.o(i.mput)
    i.mput_mix                               0x08007f30   Section        0  gprs.o(i.mput_mix)
    i.ntohl                                  0x08007f78   Section        0  api-platform.o(i.ntohl)
    i.ntohs                                  0x08007f92   Section        0  api-platform.o(i.ntohs)
    i.pow                                    0x08007fa0   Section        0  pow.o(i.pow)
    i.read_bit                               0x08008980   Section        0  ds2780.o(i.read_bit)
    i.read_byte                              0x080089b8   Section        0  ds2780.o(i.read_byte)
    i.read_byte_data                         0x080089da   Section        0  ds2780.o(i.read_byte_data)
    i.reset                                  0x080089f4   Section        0  ds2780.o(i.reset)
    i.set_ACR                                0x08008a38   Section        0  ds2780.o(i.set_ACR)
    i.sqrt                                   0x08008a9c   Section        0  sqrt.o(i.sqrt)
    i.to_tm                                  0x08008ae8   Section        0  bsp_date.o(i.to_tm)
    i.write_byte                             0x08008bb4   Section        0  ds2780.o(i.write_byte)
    i.write_data                             0x08008c10   Section        0  ds2780.o(i.write_data)
    i.write_ds2780_cmd                       0x08008c2e   Section        0  ds2780.o(i.write_ds2780_cmd)
    .constdata                               0x08008c5c   Section      208  main.o(.constdata)
    .constdata                               0x08008d2c   Section      371  gprs.o(.constdata)
    .constdata                               0x08008ea0   Section       52  bsp_date.o(.constdata)
    .constdata                               0x08008ed8   Section      136  pow.o(.constdata)
    bp                                       0x08008ed8   Data          16  pow.o(.constdata)
    dp_h                                     0x08008ee8   Data          16  pow.o(.constdata)
    dp_l                                     0x08008ef8   Data          16  pow.o(.constdata)
    L                                        0x08008f08   Data          48  pow.o(.constdata)
    P                                        0x08008f38   Data          40  pow.o(.constdata)
    .constdata                               0x08008f60   Section        8  qnan.o(.constdata)
    .data                                    0x20000000   Section       20  system_stm32f10x.o(.data)
    .data                                    0x20000014   Section       20  stm32f10x_rcc.o(.data)
    APBAHBPrescTable                         0x20000014   Data          16  stm32f10x_rcc.o(.data)
    ADCPrescTable                            0x20000024   Data           4  stm32f10x_rcc.o(.data)
    .data                                    0x20000028   Section       32  main.o(.data)
    .data                                    0x20000048   Section        4  bsp_systick.o(.data)
    TimingDelay                              0x20000048   Data           4  bsp_systick.o(.data)
    .data                                    0x2000004c   Section        4  gprs.o(.data)
    RespRev_OK                               0x2000004f   Data           1  gprs.o(.data)
    .data                                    0x20000050   Section       48  bsp_date.o(.data)
    month_days                               0x20000050   Data          48  bsp_date.o(.data)
    .data                                    0x20000080   Section        1  watchdog.o(.data)
    .data                                    0x20000081   Section        3  aiderprotocol.o(.data)
    .data                                    0x20000084   Section        9  flash.o(.data)
    .data                                    0x2000008d   Section        1  ds2780.o(.data)
    RegB                                     0x2000008d   Data           1  ds2780.o(.data)
    .data                                    0x20000090   Section       13  modbus.o(.data)
    .data                                    0x2000009e   Section        2  sensor-adc.o(.data)
    .data                                    0x200000a0   Section        4  rand.o(.data)
    _rand_state                              0x200000a0   Data           4  rand.o(.data)
    .data                                    0x200000a4   Section        4  stdout.o(.data)
    .data                                    0x200000a8   Section        4  errno.o(.data)
    _errno                                   0x200000a8   Data           4  errno.o(.data)
    .bss                                     0x200000ac   Section      468  main.o(.bss)
    .bss                                     0x20000280   Section     1016  bsp_usart.o(.bss)
    .bss                                     0x20000678   Section     1000  gprs.o(.bss)
    .bss                                     0x20000a60   Section      200  modbus.o(.bss)
    STACK                                    0x20000b28   Section     1024  startup_stm32f10x_hd.o(STACK)

    Global Symbols

    Symbol Name                              Value     Ov Type        Size  Object(Section)

    BuildAttributes$$THM_ISAv4$P$D$K$B$S$PE$A:L22UL41UL21$X:L11$S22US41US21$IEEE1$IW$USESV6$~STKCKD$USESV7$~SHL$OTIME$ROPI$IEEEX$EBA8$MICROLIB$REQ8$PRES8$EABIv2 0x00000000   Number         0  anon$$obj.o ABSOLUTE
    __ARM_use_no_argv                        0x00000000   Number         0  main.o ABSOLUTE
    _printf_a                                0x00000000   Number         0  stubs.o ABSOLUTE
    _printf_c                                0x00000000   Number         0  stubs.o ABSOLUTE
    _printf_charcount                        0x00000000   Number         0  stubs.o ABSOLUTE
    _printf_d                                0x00000000   Number         0  stubs.o ABSOLUTE
    _printf_e                                0x00000000   Number         0  stubs.o ABSOLUTE
    _printf_f                                0x00000000   Number         0  stubs.o ABSOLUTE
    _printf_flags                            0x00000000   Number         0  stubs.o ABSOLUTE
    _printf_fp_dec                           0x00000000   Number         0  stubs.o ABSOLUTE
    _printf_fp_hex                           0x00000000   Number         0  stubs.o ABSOLUTE
    _printf_g                                0x00000000   Number         0  stubs.o ABSOLUTE
    _printf_i                                0x00000000   Number         0  stubs.o ABSOLUTE
    _printf_int_dec                          0x00000000   Number         0  stubs.o ABSOLUTE
    _printf_l                                0x00000000   Number         0  stubs.o ABSOLUTE
    _printf_lc                               0x00000000   Number         0  stubs.o ABSOLUTE
    _printf_ll                               0x00000000   Number         0  stubs.o ABSOLUTE
    _printf_lld                              0x00000000   Number         0  stubs.o ABSOLUTE
    _printf_lli                              0x00000000   Number         0  stubs.o ABSOLUTE
    _printf_llo                              0x00000000   Number         0  stubs.o ABSOLUTE
    _printf_llu                              0x00000000   Number         0  stubs.o ABSOLUTE
    _printf_llx                              0x00000000   Number         0  stubs.o ABSOLUTE
    _printf_longlong_dec                     0x00000000   Number         0  stubs.o ABSOLUTE
    _printf_longlong_hex                     0x00000000   Number         0  stubs.o ABSOLUTE
    _printf_longlong_oct                     0x00000000   Number         0  stubs.o ABSOLUTE
    _printf_ls                               0x00000000   Number         0  stubs.o ABSOLUTE
    _printf_mbtowc                           0x00000000   Number         0  stubs.o ABSOLUTE
    _printf_n                                0x00000000   Number         0  stubs.o ABSOLUTE
    _printf_o                                0x00000000   Number         0  stubs.o ABSOLUTE
    _printf_p                                0x00000000   Number         0  stubs.o ABSOLUTE
    _printf_percent                          0x00000000   Number         0  stubs.o ABSOLUTE
    _printf_pre_padding                      0x00000000   Number         0  stubs.o ABSOLUTE
    _printf_return_value                     0x00000000   Number         0  stubs.o ABSOLUTE
    _printf_s                                0x00000000   Number         0  stubs.o ABSOLUTE
    _printf_sizespec                         0x00000000   Number         0  stubs.o ABSOLUTE
    _printf_str                              0x00000000   Number         0  stubs.o ABSOLUTE
    _printf_truncate_signed                  0x00000000   Number         0  stubs.o ABSOLUTE
    _printf_truncate_unsigned                0x00000000   Number         0  stubs.o ABSOLUTE
    _printf_u                                0x00000000   Number         0  stubs.o ABSOLUTE
    _printf_wc                               0x00000000   Number         0  stubs.o ABSOLUTE
    _printf_wctomb                           0x00000000   Number         0  stubs.o ABSOLUTE
    _printf_widthprec                        0x00000000   Number         0  stubs.o ABSOLUTE
    _printf_x                                0x00000000   Number         0  stubs.o ABSOLUTE
    __cpp_initialize__aeabi_                  - Undefined Weak Reference
    __cxa_finalize                            - Undefined Weak Reference
    __decompress                              - Undefined Weak Reference
    _clock_init                               - Undefined Weak Reference
    _microlib_exit                            - Undefined Weak Reference
    __Vectors_Size                           0x00000130   Number         0  startup_stm32f10x_hd.o ABSOLUTE
    __Vectors                                0x08000000   Data           4  startup_stm32f10x_hd.o(RESET)
    __Vectors_End                            0x08000130   Data           0  startup_stm32f10x_hd.o(RESET)
    __main                                   0x08000131   Thumb Code     0  entry.o(.ARM.Collect$$$$00000000)
    _main_stk                                0x08000131   Thumb Code     0  entry2.o(.ARM.Collect$$$$00000001)
    _main_scatterload                        0x08000135   Thumb Code     0  entry5.o(.ARM.Collect$$$$00000004)
    __main_after_scatterload                 0x08000139   Thumb Code     0  entry5.o(.ARM.Collect$$$$00000004)
    _main_clock                              0x08000139   Thumb Code     0  entry7b.o(.ARM.Collect$$$$00000008)
    _main_cpp_init                           0x08000139   Thumb Code     0  entry8b.o(.ARM.Collect$$$$0000000A)
    _main_init                               0x08000139   Thumb Code     0  entry9a.o(.ARM.Collect$$$$0000000B)
    __rt_final_cpp                           0x08000141   Thumb Code     0  entry10a.o(.ARM.Collect$$$$0000000D)
    __rt_final_exit                          0x08000141   Thumb Code     0  entry11a.o(.ARM.Collect$$$$0000000F)
    Reset_Handler                            0x08000145   Thumb Code     8  startup_stm32f10x_hd.o(.text)
    ADC1_2_IRQHandler                        0x0800015f   Thumb Code     0  startup_stm32f10x_hd.o(.text)
    ADC3_IRQHandler                          0x0800015f   Thumb Code     0  startup_stm32f10x_hd.o(.text)
    CAN1_RX1_IRQHandler                      0x0800015f   Thumb Code     0  startup_stm32f10x_hd.o(.text)
    CAN1_SCE_IRQHandler                      0x0800015f   Thumb Code     0  startup_stm32f10x_hd.o(.text)
    DMA1_Channel1_IRQHandler                 0x0800015f   Thumb Code     0  startup_stm32f10x_hd.o(.text)
    DMA1_Channel2_IRQHandler                 0x0800015f   Thumb Code     0  startup_stm32f10x_hd.o(.text)
    DMA1_Channel3_IRQHandler                 0x0800015f   Thumb Code     0  startup_stm32f10x_hd.o(.text)
    DMA1_Channel4_IRQHandler                 0x0800015f   Thumb Code     0  startup_stm32f10x_hd.o(.text)
    DMA1_Channel5_IRQHandler                 0x0800015f   Thumb Code     0  startup_stm32f10x_hd.o(.text)
    DMA1_Channel6_IRQHandler                 0x0800015f   Thumb Code     0  startup_stm32f10x_hd.o(.text)
    DMA1_Channel7_IRQHandler                 0x0800015f   Thumb Code     0  startup_stm32f10x_hd.o(.text)
    DMA2_Channel1_IRQHandler                 0x0800015f   Thumb Code     0  startup_stm32f10x_hd.o(.text)
    DMA2_Channel2_IRQHandler                 0x0800015f   Thumb Code     0  startup_stm32f10x_hd.o(.text)
    DMA2_Channel3_IRQHandler                 0x0800015f   Thumb Code     0  startup_stm32f10x_hd.o(.text)
    DMA2_Channel4_5_IRQHandler               0x0800015f   Thumb Code     0  startup_stm32f10x_hd.o(.text)
    EXTI0_IRQHandler                         0x0800015f   Thumb Code     0  startup_stm32f10x_hd.o(.text)
    EXTI15_10_IRQHandler                     0x0800015f   Thumb Code     0  startup_stm32f10x_hd.o(.text)
    EXTI1_IRQHandler                         0x0800015f   Thumb Code     0  startup_stm32f10x_hd.o(.text)
    EXTI2_IRQHandler                         0x0800015f   Thumb Code     0  startup_stm32f10x_hd.o(.text)
    EXTI3_IRQHandler                         0x0800015f   Thumb Code     0  startup_stm32f10x_hd.o(.text)
    EXTI4_IRQHandler                         0x0800015f   Thumb Code     0  startup_stm32f10x_hd.o(.text)
    EXTI9_5_IRQHandler                       0x0800015f   Thumb Code     0  startup_stm32f10x_hd.o(.text)
    FLASH_IRQHandler                         0x0800015f   Thumb Code     0  startup_stm32f10x_hd.o(.text)
    FSMC_IRQHandler                          0x0800015f   Thumb Code     0  startup_stm32f10x_hd.o(.text)
    I2C1_ER_IRQHandler                       0x0800015f   Thumb Code     0  startup_stm32f10x_hd.o(.text)
    I2C1_EV_IRQHandler                       0x0800015f   Thumb Code     0  startup_stm32f10x_hd.o(.text)
    I2C2_ER_IRQHandler                       0x0800015f   Thumb Code     0  startup_stm32f10x_hd.o(.text)
    I2C2_EV_IRQHandler                       0x0800015f   Thumb Code     0  startup_stm32f10x_hd.o(.text)
    PVD_IRQHandler                           0x0800015f   Thumb Code     0  startup_stm32f10x_hd.o(.text)
    RCC_IRQHandler                           0x0800015f   Thumb Code     0  startup_stm32f10x_hd.o(.text)
    RTCAlarm_IRQHandler                      0x0800015f   Thumb Code     0  startup_stm32f10x_hd.o(.text)
    SDIO_IRQHandler                          0x0800015f   Thumb Code     0  startup_stm32f10x_hd.o(.text)
    SPI1_IRQHandler                          0x0800015f   Thumb Code     0  startup_stm32f10x_hd.o(.text)
    SPI2_IRQHandler                          0x0800015f   Thumb Code     0  startup_stm32f10x_hd.o(.text)
    SPI3_IRQHandler                          0x0800015f   Thumb Code     0  startup_stm32f10x_hd.o(.text)
    TAMPER_IRQHandler                        0x0800015f   Thumb Code     0  startup_stm32f10x_hd.o(.text)
    TIM1_BRK_IRQHandler                      0x0800015f   Thumb Code     0  startup_stm32f10x_hd.o(.text)
    TIM1_CC_IRQHandler                       0x0800015f   Thumb Code     0  startup_stm32f10x_hd.o(.text)
    TIM1_TRG_COM_IRQHandler                  0x0800015f   Thumb Code     0  startup_stm32f10x_hd.o(.text)
    TIM1_UP_IRQHandler                       0x0800015f   Thumb Code     0  startup_stm32f10x_hd.o(.text)
    TIM2_IRQHandler                          0x0800015f   Thumb Code     0  startup_stm32f10x_hd.o(.text)
    TIM4_IRQHandler                          0x0800015f   Thumb Code     0  startup_stm32f10x_hd.o(.text)
    TIM5_IRQHandler                          0x0800015f   Thumb Code     0  startup_stm32f10x_hd.o(.text)
    TIM6_IRQHandler                          0x0800015f   Thumb Code     0  startup_stm32f10x_hd.o(.text)
    TIM7_IRQHandler                          0x0800015f   Thumb Code     0  startup_stm32f10x_hd.o(.text)
    TIM8_BRK_IRQHandler                      0x0800015f   Thumb Code     0  startup_stm32f10x_hd.o(.text)
    TIM8_CC_IRQHandler                       0x0800015f   Thumb Code     0  startup_stm32f10x_hd.o(.text)
    TIM8_TRG_COM_IRQHandler                  0x0800015f   Thumb Code     0  startup_stm32f10x_hd.o(.text)
    TIM8_UP_IRQHandler                       0x0800015f   Thumb Code     0  startup_stm32f10x_hd.o(.text)
    UART5_IRQHandler                         0x0800015f   Thumb Code     0  startup_stm32f10x_hd.o(.text)
    USBWakeUp_IRQHandler                     0x0800015f   Thumb Code     0  startup_stm32f10x_hd.o(.text)
    USB_HP_CAN1_TX_IRQHandler                0x0800015f   Thumb Code     0  startup_stm32f10x_hd.o(.text)
    USB_LP_CAN1_RX0_IRQHandler               0x0800015f   Thumb Code     0  startup_stm32f10x_hd.o(.text)
    rand                                     0x08000169   Thumb Code    20  rand.o(.text)
    srand                                    0x0800017d   Thumb Code     6  rand.o(.text)
    __aeabi_memcpy                           0x0800018d   Thumb Code    36  memcpya.o(.text)
    __aeabi_memcpy4                          0x0800018d   Thumb Code     0  memcpya.o(.text)
    __aeabi_memcpy8                          0x0800018d   Thumb Code     0  memcpya.o(.text)
    __aeabi_memset                           0x080001b1   Thumb Code    14  memseta.o(.text)
    __aeabi_memset4                          0x080001b1   Thumb Code     0  memseta.o(.text)
    __aeabi_memset8                          0x080001b1   Thumb Code     0  memseta.o(.text)
    __aeabi_memclr                           0x080001bf   Thumb Code     4  memseta.o(.text)
    __aeabi_memclr4                          0x080001bf   Thumb Code     0  memseta.o(.text)
    __aeabi_memclr8                          0x080001bf   Thumb Code     0  memseta.o(.text)
    _memset$wrapper                          0x080001c3   Thumb Code    18  memseta.o(.text)
    strcat                                   0x080001d5   Thumb Code    24  strcat.o(.text)
    strlen                                   0x080001ed   Thumb Code    14  strlen.o(.text)
    __aeabi_fadd                             0x080001fb   Thumb Code   164  fadd.o(.text)
    __aeabi_fsub                             0x0800029f   Thumb Code     6  fadd.o(.text)
    __aeabi_frsub                            0x080002a5   Thumb Code     6  fadd.o(.text)
    __aeabi_fmul                             0x080002ab   Thumb Code   108  fmul.o(.text)
    __aeabi_fdiv                             0x08000317   Thumb Code   128  fdiv.o(.text)
    __aeabi_dadd                             0x08000397   Thumb Code   322  dadd.o(.text)
    __aeabi_dsub                             0x080004d9   Thumb Code     6  dadd.o(.text)
    __aeabi_drsub                            0x080004df   Thumb Code     6  dadd.o(.text)
    __aeabi_dmul                             0x080004e5   Thumb Code   228  dmul.o(.text)
    __aeabi_ddiv                             0x080005c9   Thumb Code   222  ddiv.o(.text)
    __aeabi_i2f                              0x080006a7   Thumb Code    18  fflti.o(.text)
    __aeabi_ui2f                             0x080006b9   Thumb Code    10  ffltui.o(.text)
    __aeabi_i2d                              0x080006c3   Thumb Code    34  dflti.o(.text)
    __aeabi_ui2d                             0x080006e5   Thumb Code    26  dfltui.o(.text)
    __aeabi_f2uiz                            0x080006ff   Thumb Code    40  ffixui.o(.text)
    __aeabi_d2iz                             0x08000727   Thumb Code    62  dfixi.o(.text)
    __aeabi_d2uiz                            0x08000765   Thumb Code    50  dfixui.o(.text)
    __aeabi_f2d                              0x08000797   Thumb Code    38  f2d.o(.text)
    __aeabi_cdcmpeq                          0x080007bd   Thumb Code     0  cdcmple.o(.text)
    __aeabi_cdcmple                          0x080007bd   Thumb Code    38  cdcmple.o(.text)
    __aeabi_cdrcmple                         0x080007e5   Thumb Code    38  cdrcmple.o(.text)
    __aeabi_d2f                              0x0800080d   Thumb Code    56  d2f.o(.text)
    __aeabi_cfcmpeq                          0x08000845   Thumb Code     0  cfcmple.o(.text)
    __aeabi_cfcmple                          0x08000845   Thumb Code    20  cfcmple.o(.text)
    __aeabi_cfrcmple                         0x08000859   Thumb Code    20  cfrcmple.o(.text)
    __aeabi_uidiv                            0x0800086d   Thumb Code     0  uidiv.o(.text)
    __aeabi_uidivmod                         0x0800086d   Thumb Code    44  uidiv.o(.text)
    __aeabi_uldivmod                         0x08000899   Thumb Code    98  uldiv.o(.text)
    __aeabi_llsl                             0x080008fb   Thumb Code    30  llshl.o(.text)
    _ll_shift_l                              0x080008fb   Thumb Code     0  llshl.o(.text)
    __aeabi_llsr                             0x08000919   Thumb Code    32  llushr.o(.text)
    _ll_ushift_r                             0x08000919   Thumb Code     0  llushr.o(.text)
    __aeabi_lasr                             0x08000939   Thumb Code    36  llsshr.o(.text)
    _ll_sshift_r                             0x08000939   Thumb Code     0  llsshr.o(.text)
    __I$use$fp                               0x0800095d   Thumb Code     0  iusefp.o(.text)
    _float_round                             0x0800095d   Thumb Code    18  fepilogue.o(.text)
    _float_epilogue                          0x0800096f   Thumb Code    90  fepilogue.o(.text)
    _double_round                            0x080009c9   Thumb Code    26  depilogue.o(.text)
    _double_epilogue                         0x080009e3   Thumb Code   164  depilogue.o(.text)
    __ARM_scalbn                             0x08000a87   Thumb Code    46  dscalb.o(.text)
    scalbn                                   0x08000a87   Thumb Code     0  dscalb.o(.text)
    __aeabi_d2ulz                            0x08000ab5   Thumb Code    48  dfixul.o(.text)
    __scatterload                            0x08000ae5   Thumb Code    28  init.o(.text)
    __scatterload_rt2                        0x08000ae5   Thumb Code     0  init.o(.text)
    _dsqrt                                   0x08000b09   Thumb Code   162  dsqrt.o(.text)
    ADC_Cmd                                  0x08000bab   Thumb Code    22  stm32f10x_adc.o(i.ADC_Cmd)
    ADC_DMACmd                               0x08000bc1   Thumb Code    22  stm32f10x_adc.o(i.ADC_DMACmd)
    ADC_GetCalibrationStatus                 0x08000bd7   Thumb Code    20  stm32f10x_adc.o(i.ADC_GetCalibrationStatus)
    ADC_GetResetCalibrationStatus            0x08000beb   Thumb Code    20  stm32f10x_adc.o(i.ADC_GetResetCalibrationStatus)
    ADC_Init                                 0x08000c01   Thumb Code    70  stm32f10x_adc.o(i.ADC_Init)
    ADC_RegularChannelConfig                 0x08000c51   Thumb Code   184  stm32f10x_adc.o(i.ADC_RegularChannelConfig)
    ADC_ResetCalibration                     0x08000d09   Thumb Code    10  stm32f10x_adc.o(i.ADC_ResetCalibration)
    ADC_SoftwareStartConvCmd                 0x08000d13   Thumb Code    22  stm32f10x_adc.o(i.ADC_SoftwareStartConvCmd)
    ADC_StartCalibration                     0x08000d29   Thumb Code    10  stm32f10x_adc.o(i.ADC_StartCalibration)
    ADCconfig                                0x08000d35   Thumb Code   226  sensor-adc.o(i.ADCconfig)
    AddrMapping                              0x08000e51   Thumb Code    62  flash.o(i.AddrMapping)
    AlarmSMS_Send                            0x08000ec9   Thumb Code    96  gprs.o(i.AlarmSMS_Send)
    BKP_DeInit                               0x08000f45   Thumb Code    16  stm32f10x_bkp.o(i.BKP_DeInit)
    BKP_ReadBackupRegister                   0x08000f55   Thumb Code    24  stm32f10x_bkp.o(i.BKP_ReadBackupRegister)
    BKP_TamperPinCmd                         0x08000f71   Thumb Code     6  stm32f10x_bkp.o(i.BKP_TamperPinCmd)
    BKP_WriteBackupRegister                  0x08000f7d   Thumb Code    22  stm32f10x_bkp.o(i.BKP_WriteBackupRegister)
    BusFault_Handler                         0x08000f99   Thumb Code    18  stm32f10x_it.o(i.BusFault_Handler)
    CRC16                                    0x08000fcd   Thumb Code    80  433_wiminet.o(i.CRC16)
    ConfigData_Init                          0x0800101d   Thumb Code   926  gprs.o(i.ConfigData_Init)
    DMA_Cmd                                  0x08001649   Thumb Code    24  stm32f10x_dma.o(i.DMA_Cmd)
    DMA_DeInit                               0x08001661   Thumb Code   324  stm32f10x_dma.o(i.DMA_DeInit)
    DMA_GetCurrDataCounter                   0x080017ad   Thumb Code     8  stm32f10x_dma.o(i.DMA_GetCurrDataCounter)
    DMA_Init                                 0x080017b5   Thumb Code    60  stm32f10x_dma.o(i.DMA_Init)
    DMA_UART3_RecevDataGet                   0x080017f1   Thumb Code   228  main.o(i.DMA_UART3_RecevDataGet)
    DMA_UART3_RecevDetect                    0x080018e5   Thumb Code   126  main.o(i.DMA_UART3_RecevDetect)
    DS2780_CapacityInit                      0x08001985   Thumb Code     8  ds2780.o(i.DS2780_CapacityInit)
    DS2780_DQ_IN                             0x08001991   Thumb Code    32  ds2780.o(i.DS2780_DQ_IN)
    DS2780_DQ_OUT                            0x080019b5   Thumb Code    38  ds2780.o(i.DS2780_DQ_OUT)
    DS2780_Test                              0x080019e1   Thumb Code   294  ds2780.o(i.DS2780_Test)
    DataMessageSend                          0x08001c05   Thumb Code   120  main.o(i.DataMessageSend)
    DataRead_From_Flash                      0x08001cc9   Thumb Code   104  flash.o(i.DataRead_From_Flash)
    DataWrite_To_Flash                       0x08001da1   Thumb Code   116  flash.o(i.DataWrite_To_Flash)
    DebugMon_Handler                         0x08001e85   Thumb Code    10  stm32f10x_it.o(i.DebugMon_Handler)
    Delay_us                                 0x08001ec1   Thumb Code    52  bsp_systick.o(i.Delay_us)
    Display                                  0x08001ef9   Thumb Code   188  main.o(i.Display)
    Filter                                   0x08002121   Thumb Code   270  main.o(i.Filter)
    Find_SpecialString                       0x08002279   Thumb Code   148  gprs.o(i.Find_SpecialString)
    Find_String                              0x0800230d   Thumb Code   166  gprs.o(i.Find_String)
    GPIO_Configuration                       0x080023b5   Thumb Code    42  sensor-adc.o(i.GPIO_Configuration)
    GPIO_Init                                0x080023e5   Thumb Code   274  stm32f10x_gpio.o(i.GPIO_Init)
    GPIO_ReadInputDataBit                    0x080024f7   Thumb Code    18  stm32f10x_gpio.o(i.GPIO_ReadInputDataBit)
    GPIO_ResetBits                           0x08002509   Thumb Code     4  stm32f10x_gpio.o(i.GPIO_ResetBits)
    GPIO_SetBits                             0x0800250d   Thumb Code     4  stm32f10x_gpio.o(i.GPIO_SetBits)
    GPRS_Config                              0x08002511   Thumb Code    84  gprs.o(i.GPRS_Config)
    GPRS_Init                                0x080025fd   Thumb Code   136  gprs.o(i.GPRS_Init)
    GPRS_Receive_DataAnalysis                0x08002729   Thumb Code   164  gprs.o(i.GPRS_Receive_DataAnalysis)
    GPRS_Receive_NetLogin                    0x080027f5   Thumb Code    64  gprs.o(i.GPRS_Receive_NetLogin)
    GPRS_Receive_TcpConnect                  0x08002855   Thumb Code    30  gprs.o(i.GPRS_Receive_TcpConnect)
    Get_Rand_Num                             0x08002881   Thumb Code    32  aiderprotocol.o(i.Get_Rand_Num)
    GregorianDay                             0x080028a1   Thumb Code   144  bsp_date.o(i.GregorianDay)
    HardFault_Handler                        0x08002935   Thumb Code    18  stm32f10x_it.o(i.HardFault_Handler)
    MemManage_Handler                        0x0800296d   Thumb Code    18  stm32f10x_it.o(i.MemManage_Handler)
    NMI_Handler                              0x080029a5   Thumb Code    10  stm32f10x_it.o(i.NMI_Handler)
    NVIC_Init                                0x080029cd   Thumb Code   102  misc.o(i.NVIC_Init)
    NVIC_PriorityGroupConfig                 0x08002a41   Thumb Code    10  misc.o(i.NVIC_PriorityGroupConfig)
    PWR_BackupAccessCmd                      0x08002a55   Thumb Code     6  stm32f10x_pwr.o(i.PWR_BackupAccessCmd)
    PWR_EnterSTANDBYMode                     0x08002a61   Thumb Code    42  stm32f10x_pwr.o(i.PWR_EnterSTANDBYMode)
    PendSV_Handler                           0x08002a95   Thumb Code    10  stm32f10x_it.o(i.PendSV_Handler)
    PeripheralInit                           0x08002acd   Thumb Code   138  main.o(i.PeripheralInit)
    RCC_ADCCLKConfig                         0x08002b99   Thumb Code    18  stm32f10x_rcc.o(i.RCC_ADCCLKConfig)
    RCC_AHBPeriphClockCmd                    0x08002bb1   Thumb Code    26  stm32f10x_rcc.o(i.RCC_AHBPeriphClockCmd)
    RCC_APB1PeriphClockCmd                   0x08002bd1   Thumb Code    26  stm32f10x_rcc.o(i.RCC_APB1PeriphClockCmd)
    RCC_APB1PeriphResetCmd                   0x08002bf1   Thumb Code    26  stm32f10x_rcc.o(i.RCC_APB1PeriphResetCmd)
    RCC_APB2PeriphClockCmd                   0x08002c11   Thumb Code    26  stm32f10x_rcc.o(i.RCC_APB2PeriphClockCmd)
    RCC_APB2PeriphResetCmd                   0x08002c31   Thumb Code    26  stm32f10x_rcc.o(i.RCC_APB2PeriphResetCmd)
    RCC_BackupResetCmd                       0x08002c51   Thumb Code     6  stm32f10x_rcc.o(i.RCC_BackupResetCmd)
    RCC_ClearFlag                            0x08002c5d   Thumb Code    14  stm32f10x_rcc.o(i.RCC_ClearFlag)
    RCC_GetClocksFreq                        0x08002c71   Thumb Code   192  stm32f10x_rcc.o(i.RCC_GetClocksFreq)
    RCC_GetFlagStatus                        0x08002d45   Thumb Code    56  stm32f10x_rcc.o(i.RCC_GetFlagStatus)
    RCC_LSEConfig                            0x08002d81   Thumb Code    44  stm32f10x_rcc.o(i.RCC_LSEConfig)
    RCC_RTCCLKCmd                            0x08002db5   Thumb Code     6  stm32f10x_rcc.o(i.RCC_RTCCLKCmd)
    RCC_RTCCLKConfig                         0x08002dc1   Thumb Code    12  stm32f10x_rcc.o(i.RCC_RTCCLKConfig)
    RTC_CheckAndConfig                       0x08002dd1   Thumb Code    66  bsp_rtc.o(i.RTC_CheckAndConfig)
    RTC_ClearITPendingBit                    0x08002e19   Thumb Code    12  stm32f10x_rtc.o(i.RTC_ClearITPendingBit)
    RTC_Configuration                        0x08002e29   Thumb Code    76  bsp_rtc.o(i.RTC_Configuration)
    RTC_EnterConfigMode                      0x08002e75   Thumb Code    14  stm32f10x_rtc.o(i.RTC_EnterConfigMode)
    RTC_ExitConfigMode                       0x08002e89   Thumb Code    16  stm32f10x_rtc.o(i.RTC_ExitConfigMode)
    RTC_GetCounter                           0x08002e9d   Thumb Code    16  stm32f10x_rtc.o(i.RTC_GetCounter)
    RTC_GetITStatus                          0x08002eb1   Thumb Code    32  stm32f10x_rtc.o(i.RTC_GetITStatus)
    RTC_IRQHandler                           0x08002ed5   Thumb Code    22  stm32f10x_it.o(i.RTC_IRQHandler)
    RTC_NVIC_Config                          0x08002eeb   Thumb Code    40  bsp_rtc.o(i.RTC_NVIC_Config)
    RTC_SetAlarm                             0x08002f15   Thumb Code    24  stm32f10x_rtc.o(i.RTC_SetAlarm)
    RTC_SetCounter                           0x08002f31   Thumb Code    24  stm32f10x_rtc.o(i.RTC_SetCounter)
    RTC_SetPrescaler                         0x08002f4d   Thumb Code    26  stm32f10x_rtc.o(i.RTC_SetPrescaler)
    RTC_WaitForLastTask                      0x08002f6d   Thumb Code    14  stm32f10x_rtc.o(i.RTC_WaitForLastTask)
    RTC_WaitForSynchro                       0x08002f81   Thumb Code    28  stm32f10x_rtc.o(i.RTC_WaitForSynchro)
    ReadSensorData                           0x08002fa1   Thumb Code   102  main.o(i.ReadSensorData)
    ReverseBitOrder08                        0x08003019   Thumb Code    32  433_wiminet.o(i.ReverseBitOrder08)
    ReverseBitOrder16                        0x08003039   Thumb Code    36  433_wiminet.o(i.ReverseBitOrder16)
    SPI_Cmd                                  0x0800305d   Thumb Code    24  stm32f10x_spi.o(i.SPI_Cmd)
    SPI_FLASH_BufferRead                     0x08003075   Thumb Code    80  flash.o(i.SPI_FLASH_BufferRead)
    SPI_FLASH_BufferWrite                    0x080030c9   Thumb Code   290  flash.o(i.SPI_FLASH_BufferWrite)
    SPI_FLASH_Init                           0x080031ed   Thumb Code   188  flash.o(i.SPI_FLASH_Init)
    SPI_FLASH_PageWrite                      0x080032b1   Thumb Code    96  flash.o(i.SPI_FLASH_PageWrite)
    SPI_FLASH_ReadDeviceID                   0x08003315   Thumb Code    60  flash.o(i.SPI_FLASH_ReadDeviceID)
    SPI_FLASH_ReadID                         0x08003355   Thumb Code    78  flash.o(i.SPI_FLASH_ReadID)
    SPI_FLASH_SectorErase                    0x080033a9   Thumb Code    66  flash.o(i.SPI_FLASH_SectorErase)
    SPI_FLASH_SendByte                       0x080033f1   Thumb Code    50  flash.o(i.SPI_FLASH_SendByte)
    SPI_FLASH_WaitForWriteEnd                0x08003429   Thumb Code    48  flash.o(i.SPI_FLASH_WaitForWriteEnd)
    SPI_FLASH_WriteEnable                    0x0800345d   Thumb Code    30  flash.o(i.SPI_FLASH_WriteEnable)
    SPI_Flash_PowerDown                      0x08003481   Thumb Code    30  flash.o(i.SPI_Flash_PowerDown)
    SPI_I2S_GetFlagStatus                    0x080034a5   Thumb Code    18  stm32f10x_spi.o(i.SPI_I2S_GetFlagStatus)
    SPI_I2S_ReceiveData                      0x080034b7   Thumb Code     6  stm32f10x_spi.o(i.SPI_I2S_ReceiveData)
    SPI_I2S_SendData                         0x080034bd   Thumb Code     4  stm32f10x_spi.o(i.SPI_I2S_SendData)
    SPI_Init                                 0x080034c1   Thumb Code    60  stm32f10x_spi.o(i.SPI_Init)
    SVC_Handler                              0x080034fd   Thumb Code    10  stm32f10x_it.o(i.SVC_Handler)
    SendDataToServ                           0x08003531   Thumb Code   706  aiderprotocol.o(i.SendDataToServ)
    SendMessage                              0x0800380d   Thumb Code    50  433_wiminet.o(i.SendMessage)
    SendPretreatment                         0x0800384d   Thumb Code    24  gprs.o(i.SendPretreatment)
    SenserDataCollect                        0x08003865   Thumb Code   570  main.o(i.SenserDataCollect)
    SensorSetMessage                         0x08003af9   Thumb Code   378  gprs.o(i.SensorSetMessage)
    Set_register_ds2780                      0x08003e0d   Thumb Code   410  ds2780.o(i.Set_register_ds2780)
    Sms_Analysis                             0x08003fa9   Thumb Code  4708  gprs.o(i.Sms_Analysis)
    Sms_Consult                              0x08005415   Thumb Code    36  gprs.o(i.Sms_Consult)
    Sms_Send                                 0x08005459   Thumb Code    96  gprs.o(i.Sms_Send)
    SysTick_Handler                          0x080054d5   Thumb Code     8  stm32f10x_it.o(i.SysTick_Handler)
    SysTick_Init                             0x080054dd   Thumb Code   106  bsp_systick.o(i.SysTick_Init)
    SystemInit                               0x08005559   Thumb Code    78  system_stm32f10x.o(i.SystemInit)
    TCP_Connect                              0x080055b9   Thumb Code   142  gprs.o(i.TCP_Connect)
    TCP_Disconnect                           0x080056c9   Thumb Code    16  gprs.o(i.TCP_Disconnect)
    TIM3_IRQHandler                          0x080056e1   Thumb Code    66  stm32f10x_it.o(i.TIM3_IRQHandler)
    TIM_ClearITPendingBit                    0x08005735   Thumb Code     6  stm32f10x_tim.o(i.TIM_ClearITPendingBit)
    TIM_Cmd                                  0x0800573b   Thumb Code    24  stm32f10x_tim.o(i.TIM_Cmd)
    TIM_DeInit                               0x08005755   Thumb Code   424  stm32f10x_tim.o(i.TIM_DeInit)
    TIM_GetITStatus                          0x0800593d   Thumb Code    34  stm32f10x_tim.o(i.TIM_GetITStatus)
    TIM_ITConfig                             0x0800595f   Thumb Code    18  stm32f10x_tim.o(i.TIM_ITConfig)
    Time_Auto_Regulate                       0x08005971   Thumb Code    92  bsp_rtc.o(i.Time_Auto_Regulate)
    Time_Display                             0x080059f1   Thumb Code    20  bsp_rtc.o(i.Time_Display)
    TimingDelay_Decrement                    0x08005a05   Thumb Code    18  bsp_systick.o(i.TimingDelay_Decrement)
    TrapData                                 0x08005a1d   Thumb Code   268  aiderprotocol.o(i.TrapData)
    Treaty_Data_Analysis                     0x08005b3d   Thumb Code  2114  aiderprotocol.o(i.Treaty_Data_Analysis)
    UART4_IRQHandler                         0x080063dd   Thumb Code   110  stm32f10x_it.o(i.UART4_IRQHandler)
    UART_NVIC_Configuration                  0x08006479   Thumb Code   156  bsp_usart.o(i.UART_NVIC_Configuration)
    USART1_Config                            0x08006515   Thumb Code   210  bsp_usart.o(i.USART1_Config)
    USART1_IRQHandler                        0x080065f1   Thumb Code   114  stm32f10x_it.o(i.USART1_IRQHandler)
    USART2_IRQHandler                        0x08006691   Thumb Code     2  stm32f10x_it.o(i.USART2_IRQHandler)
    USART3_Config                            0x08006695   Thumb Code   152  bsp_usart.o(i.USART3_Config)
    USART3_DMA_Config                        0x08006739   Thumb Code    86  bsp_usart.o(i.USART3_DMA_Config)
    USART3_IRQHandler                        0x080067a1   Thumb Code    70  stm32f10x_it.o(i.USART3_IRQHandler)
    USART_ClearFlag                          0x08006819   Thumb Code    18  stm32f10x_usart.o(i.USART_ClearFlag)
    USART_ClearITPendingBit                  0x0800682b   Thumb Code    30  stm32f10x_usart.o(i.USART_ClearITPendingBit)
    USART_Cmd                                0x08006849   Thumb Code    24  stm32f10x_usart.o(i.USART_Cmd)
    USART_DMACmd                             0x08006861   Thumb Code    18  stm32f10x_usart.o(i.USART_DMACmd)
    USART_DataBlock_Send                     0x08006873   Thumb Code    48  gprs.o(i.USART_DataBlock_Send)
    USART_GetFlagStatus                      0x080068a3   Thumb Code    26  stm32f10x_usart.o(i.USART_GetFlagStatus)
    USART_GetITStatus                        0x080068bd   Thumb Code    84  stm32f10x_usart.o(i.USART_GetITStatus)
    USART_ITConfig                           0x08006911   Thumb Code    74  stm32f10x_usart.o(i.USART_ITConfig)
    USART_Init                               0x0800695d   Thumb Code   210  stm32f10x_usart.o(i.USART_Init)
    USART_ReceiveData                        0x08006a35   Thumb Code    10  stm32f10x_usart.o(i.USART_ReceiveData)
    USART_SendData                           0x08006a3f   Thumb Code     8  stm32f10x_usart.o(i.USART_SendData)
    UploadFlash                              0x08006a49   Thumb Code   376  aiderprotocol.o(i.UploadFlash)
    UsageFault_Handler                       0x08006c89   Thumb Code    18  stm32f10x_it.o(i.UsageFault_Handler)
    WWDG_ClearFlag                           0x08006cc1   Thumb Code     8  stm32f10x_wwdg.o(i.WWDG_ClearFlag)
    WWDG_Enable                              0x08006ccd   Thumb Code    10  stm32f10x_wwdg.o(i.WWDG_Enable)
    WWDG_EnableIT                            0x08006cdd   Thumb Code     8  stm32f10x_wwdg.o(i.WWDG_EnableIT)
    WWDG_IRQHandler                          0x08006ce9   Thumb Code    34  stm32f10x_it.o(i.WWDG_IRQHandler)
    WWDG_Init                                0x08006d15   Thumb Code    90  watchdog.o(i.WWDG_Init)
    WWDG_SetCounter                          0x08006d75   Thumb Code    10  stm32f10x_wwdg.o(i.WWDG_SetCounter)
    WWDG_SetPrescaler                        0x08006d85   Thumb Code    18  stm32f10x_wwdg.o(i.WWDG_SetPrescaler)
    WWDG_SetWindowValue                      0x08006d9d   Thumb Code    34  stm32f10x_wwdg.o(i.WWDG_SetWindowValue)
    __0printf                                0x08006dc5   Thumb Code    22  printfa.o(i.__0printf)
    __1printf                                0x08006dc5   Thumb Code     0  printfa.o(i.__0printf)
    __2printf                                0x08006dc5   Thumb Code     0  printfa.o(i.__0printf)
    __c89printf                              0x08006dc5   Thumb Code     0  printfa.o(i.__0printf)
    printf                                   0x08006dc5   Thumb Code     0  printfa.o(i.__0printf)
    __0snprintf                              0x08006de5   Thumb Code    36  printfa.o(i.__0snprintf)
    __1snprintf                              0x08006de5   Thumb Code     0  printfa.o(i.__0snprintf)
    __2snprintf                              0x08006de5   Thumb Code     0  printfa.o(i.__0snprintf)
    __c89snprintf                            0x08006de5   Thumb Code     0  printfa.o(i.__0snprintf)
    snprintf                                 0x08006de5   Thumb Code     0  printfa.o(i.__0snprintf)
    __ARM_fpclassify                         0x08006e0d   Thumb Code    40  fpclassify.o(i.__ARM_fpclassify)
    __kernel_poly                            0x08006e35   Thumb Code   170  poly.o(i.__kernel_poly)
    __mathlib_dbl_underflow                  0x08006ee1   Thumb Code    10  dunder.o(i.__mathlib_dbl_underflow)
    __scatterload_copy                       0x08006ef1   Thumb Code    14  handlers.o(i.__scatterload_copy)
    __scatterload_null                       0x08006eff   Thumb Code     2  handlers.o(i.__scatterload_null)
    __scatterload_zeroinit                   0x08006f01   Thumb Code    14  handlers.o(i.__scatterload_zeroinit)
    __set_errno                              0x08006f11   Thumb Code     6  errno.o(i.__set_errno)
    char_to_float                            0x080077d5   Thumb Code   372  gprs.o(i.char_to_float)
    char_to_int                              0x0800798d   Thumb Code   194  gprs.o(i.char_to_int)
    copy_data_ds2780                         0x08007a85   Thumb Code    22  ds2780.o(i.copy_data_ds2780)
    fputc                                    0x08007a9d   Thumb Code    32  bsp_usart.o(i.fputc)
    get_ACR                                  0x08007ac1   Thumb Code   128  ds2780.o(i.get_ACR)
    get_RAAC                                 0x08007b45   Thumb Code    72  ds2780.o(i.get_RAAC)
    get_current                              0x08007b95   Thumb Code   132  ds2780.o(i.get_current)
    get_voltage                              0x08007c21   Thumb Code    78  ds2780.o(i.get_voltage)
    gotoSleep                                0x08007c79   Thumb Code   176  common.o(i.gotoSleep)
    main                                     0x08007d3d   Thumb Code   250  main.o(i.main)
    mktimev                                  0x08007e65   Thumb Code   124  bsp_date.o(i.mktimev)
    mput                                     0x08007ee5   Thumb Code    62  gprs.o(i.mput)
    mput_mix                                 0x08007f31   Thumb Code    46  gprs.o(i.mput_mix)
    ntohl                                    0x08007f79   Thumb Code    26  api-platform.o(i.ntohl)
    ntohs                                    0x08007f93   Thumb Code    12  api-platform.o(i.ntohs)
    pow                                      0x08007fa1   Thumb Code  2510  pow.o(i.pow)
    read_bit                                 0x08008981   Thumb Code    50  ds2780.o(i.read_bit)
    read_byte                                0x080089b9   Thumb Code    34  ds2780.o(i.read_byte)
    read_byte_data                           0x080089db   Thumb Code    24  ds2780.o(i.read_byte_data)
    reset                                    0x080089f5   Thumb Code    64  ds2780.o(i.reset)
    set_ACR                                  0x08008a39   Thumb Code    94  ds2780.o(i.set_ACR)
    sqrt                                     0x08008a9d   Thumb Code    76  sqrt.o(i.sqrt)
    to_tm                                    0x08008ae9   Thumb Code   194  bsp_date.o(i.to_tm)
    write_byte                               0x08008bb5   Thumb Code    88  ds2780.o(i.write_byte)
    write_data                               0x08008c11   Thumb Code    30  ds2780.o(i.write_data)
    write_ds2780_cmd                         0x08008c2f   Thumb Code    44  ds2780.o(i.write_ds2780_cmd)
    __mathlib_zero                           0x08008f60   Data           8  qnan.o(.constdata)
    Region$$Table$$Base                      0x08008f68   Number         0  anon$$obj.o(Region$$Table)
    Region$$Table$$Limit                     0x08008f88   Number         0  anon$$obj.o(Region$$Table)
    SystemCoreClock                          0x20000000   Data           4  system_stm32f10x.o(.data)
    AHBPrescTable                            0x20000004   Data          16  system_stm32f10x.o(.data)
    WWDOG_Feed                               0x20000028   Data           2  main.o(.data)
    SendData_Flag                            0x2000002a   Data           1  main.o(.data)
    ReadData_flag                            0x2000002b   Data           1  main.o(.data)
    TcpConnect_Flag                          0x2000002c   Data           1  main.o(.data)
    PowerOffReset                            0x2000002d   Data           1  main.o(.data)
    Send_Request_flag                        0x2000002e   Data           1  main.o(.data)
    LiquidDataSend_Flag                      0x2000002f   Data           1  main.o(.data)
    SensorCollectNumber                      0x20000030   Data           1  main.o(.data)
    Usart1_recev_count                       0x20000032   Data           2  main.o(.data)
    DMA_UART3_RECEV_FLAG                     0x20000034   Data           1  main.o(.data)
    Start_time                               0x20000038   Data           4  main.o(.data)
    End_time                                 0x2000003c   Data           4  main.o(.data)
    DataCollectCount                         0x20000040   Data           1  main.o(.data)
    PerceptionData                           0x20000041   Data           7  main.o(.data)
    Usart3_recev_count                       0x2000004c   Data           2  gprs.o(.data)
    CSQ_OK                                   0x2000004e   Data           1  gprs.o(.data)
    WWDG_CNT                                 0x20000080   Data           1  watchdog.o(.data)
    phone_number_next                        0x20000081   Data           1  aiderprotocol.o(.data)
    ip_number_next                           0x20000082   Data           1  aiderprotocol.o(.data)
    port_number_next                         0x20000083   Data           1  aiderprotocol.o(.data)
    DeviceID                                 0x20000084   Data           4  flash.o(.data)
    FlashID                                  0x20000088   Data           4  flash.o(.data)
    TransferStatus1                          0x2000008c   Data           1  flash.o(.data)
    Senser_Address                           0x20000090   Data           1  modbus.o(.data)
    Uart4_rev_count                          0x20000091   Data           1  modbus.o(.data)
    Uart4_send_counter                       0x20000092   Data           1  modbus.o(.data)
    Uart4_rev_comflag                        0x20000093   Data           1  modbus.o(.data)
    Uart4_send_ready_flag                    0x20000094   Data           1  modbus.o(.data)
    Crc_counter                              0x20000095   Data           1  modbus.o(.data)
    Uart4_send_pointer                       0x20000098   Data           4  modbus.o(.data)
    LevelDataCount                           0x2000009c   Data           1  modbus.o(.data)
    ADC1ConvertedValue                       0x2000009e   Data           2  sensor-adc.o(.data)
    __stdout                                 0x200000a4   Data           4  stdout.o(.data)
    DeviceConfig                             0x200000ac   Data          64  main.o(.bss)
    ConfigData                               0x200000ec   Data          74  main.o(.bss)
    Usart1_recev_buff                        0x20000136   Data         300  main.o(.bss)
    systmtime                                0x20000264   Data          28  main.o(.bss)
    SendBuff                                 0x20000280   Data         500  bsp_usart.o(.bss)
    DMA_USART3_RecevBuff                     0x20000474   Data         500  bsp_usart.o(.bss)
    DMA_USART3_RecevIndicator                0x20000668   Data          16  bsp_usart.o(.bss)
    Usart3_recev_buff                        0x20000678   Data        1000  gprs.o(.bss)
    Uart4_rev_buff                           0x20000a60   Data         100  modbus.o(.bss)
    Uart4_send_buff                          0x20000ac4   Data         100  modbus.o(.bss)
    __initial_sp                             0x20000f28   Data           0  startup_stm32f10x_hd.o(STACK)



==============================================================================

Memory Map of the image

  Image Entry point : 0x08000131

  Load Region LR_IROM1 (Base: 0x08000000, Size: 0x00009034, Max: 0x00040000, ABSOLUTE)

    Execution Region ER_IROM1 (Base: 0x08000000, Size: 0x00008f88, Max: 0x00040000, ABSOLUTE)

    Base Addr    Size         Type   Attr      Idx    E Section Name        Object

    0x08000000   0x00000130   Data   RO            3    RESET               startup_stm32f10x_hd.o
    0x08000130   0x00000000   Code   RO         4396  * .ARM.Collect$$$$00000000  mc_w.l(entry.o)
    0x08000130   0x00000004   Code   RO         4726    .ARM.Collect$$$$00000001  mc_w.l(entry2.o)
    0x08000134   0x00000004   Code   RO         4729    .ARM.Collect$$$$00000004  mc_w.l(entry5.o)
    0x08000138   0x00000000   Code   RO         4731    .ARM.Collect$$$$00000008  mc_w.l(entry7b.o)
    0x08000138   0x00000000   Code   RO         4733    .ARM.Collect$$$$0000000A  mc_w.l(entry8b.o)
    0x08000138   0x00000008   Code   RO         4734    .ARM.Collect$$$$0000000B  mc_w.l(entry9a.o)
    0x08000140   0x00000000   Code   RO         4736    .ARM.Collect$$$$0000000D  mc_w.l(entry10a.o)
    0x08000140   0x00000000   Code   RO         4738    .ARM.Collect$$$$0000000F  mc_w.l(entry11a.o)
    0x08000140   0x00000004   Code   RO         4727    .ARM.Collect$$$$00002712  mc_w.l(entry2.o)
    0x08000144   0x00000024   Code   RO            4    .text               startup_stm32f10x_hd.o
    0x08000168   0x00000024   Code   RO         4399    .text               mc_w.l(rand.o)
    0x0800018c   0x00000024   Code   RO         4402    .text               mc_w.l(memcpya.o)
    0x080001b0   0x00000024   Code   RO         4404    .text               mc_w.l(memseta.o)
    0x080001d4   0x00000018   Code   RO         4406    .text               mc_w.l(strcat.o)
    0x080001ec   0x0000000e   Code   RO         4408    .text               mc_w.l(strlen.o)
    0x080001fa   0x000000b0   Code   RO         4673    .text               mf_w.l(fadd.o)
    0x080002aa   0x0000006c   Code   RO         4675    .text               mf_w.l(fmul.o)
    0x08000316   0x00000080   Code   RO         4677    .text               mf_w.l(fdiv.o)
    0x08000396   0x0000014e   Code   RO         4679    .text               mf_w.l(dadd.o)
    0x080004e4   0x000000e4   Code   RO         4681    .text               mf_w.l(dmul.o)
    0x080005c8   0x000000de   Code   RO         4683    .text               mf_w.l(ddiv.o)
    0x080006a6   0x00000012   Code   RO         4685    .text               mf_w.l(fflti.o)
    0x080006b8   0x0000000a   Code   RO         4687    .text               mf_w.l(ffltui.o)
    0x080006c2   0x00000022   Code   RO         4689    .text               mf_w.l(dflti.o)
    0x080006e4   0x0000001a   Code   RO         4691    .text               mf_w.l(dfltui.o)
    0x080006fe   0x00000028   Code   RO         4693    .text               mf_w.l(ffixui.o)
    0x08000726   0x0000003e   Code   RO         4695    .text               mf_w.l(dfixi.o)
    0x08000764   0x00000032   Code   RO         4697    .text               mf_w.l(dfixui.o)
    0x08000796   0x00000026   Code   RO         4699    .text               mf_w.l(f2d.o)
    0x080007bc   0x00000028   Code   RO         4701    .text               mf_w.l(cdcmple.o)
    0x080007e4   0x00000028   Code   RO         4703    .text               mf_w.l(cdrcmple.o)
    0x0800080c   0x00000038   Code   RO         4705    .text               mf_w.l(d2f.o)
    0x08000844   0x00000014   Code   RO         4707    .text               mf_w.l(cfcmple.o)
    0x08000858   0x00000014   Code   RO         4709    .text               mf_w.l(cfrcmple.o)
    0x0800086c   0x0000002c   Code   RO         4741    .text               mc_w.l(uidiv.o)
    0x08000898   0x00000062   Code   RO         4743    .text               mc_w.l(uldiv.o)
    0x080008fa   0x0000001e   Code   RO         4745    .text               mc_w.l(llshl.o)
    0x08000918   0x00000020   Code   RO         4747    .text               mc_w.l(llushr.o)
    0x08000938   0x00000024   Code   RO         4749    .text               mc_w.l(llsshr.o)
    0x0800095c   0x00000000   Code   RO         4758    .text               mc_w.l(iusefp.o)
    0x0800095c   0x0000006c   Code   RO         4759    .text               mf_w.l(fepilogue.o)
    0x080009c8   0x000000be   Code   RO         4761    .text               mf_w.l(depilogue.o)
    0x08000a86   0x0000002e   Code   RO         4763    .text               mf_w.l(dscalb.o)
    0x08000ab4   0x00000030   Code   RO         4765    .text               mf_w.l(dfixul.o)
    0x08000ae4   0x00000024   Code   RO         4767    .text               mc_w.l(init.o)
    0x08000b08   0x000000a2   Code   RO         4769    .text               mf_w.l(dsqrt.o)
    0x08000baa   0x00000016   Code   RO          159    i.ADC_Cmd           stm32f10x_adc.o
    0x08000bc0   0x00000016   Code   RO          160    i.ADC_DMACmd        stm32f10x_adc.o
    0x08000bd6   0x00000014   Code   RO          167    i.ADC_GetCalibrationStatus  stm32f10x_adc.o
    0x08000bea   0x00000014   Code   RO          173    i.ADC_GetResetCalibrationStatus  stm32f10x_adc.o
    0x08000bfe   0x00000002   PAD
    0x08000c00   0x00000050   Code   RO          177    i.ADC_Init          stm32f10x_adc.o
    0x08000c50   0x000000b8   Code   RO          181    i.ADC_RegularChannelConfig  stm32f10x_adc.o
    0x08000d08   0x0000000a   Code   RO          182    i.ADC_ResetCalibration  stm32f10x_adc.o
    0x08000d12   0x00000016   Code   RO          184    i.ADC_SoftwareStartConvCmd  stm32f10x_adc.o
    0x08000d28   0x0000000a   Code   RO          186    i.ADC_StartCalibration  stm32f10x_adc.o
    0x08000d32   0x00000002   PAD
    0x08000d34   0x0000011c   Code   RO         4280    i.ADCconfig         sensor-adc.o
    0x08000e50   0x00000078   Code   RO         3862    i.AddrMapping       flash.o
    0x08000ec8   0x0000007c   Code   RO         3558    i.AlarmSMS_Send     gprs.o
    0x08000f44   0x00000010   Code   RO          380    i.BKP_DeInit        stm32f10x_bkp.o
    0x08000f54   0x0000001c   Code   RO          385    i.BKP_ReadBackupRegister  stm32f10x_bkp.o
    0x08000f70   0x0000000c   Code   RO          387    i.BKP_TamperPinCmd  stm32f10x_bkp.o
    0x08000f7c   0x0000001c   Code   RO          389    i.BKP_WriteBackupRegister  stm32f10x_bkp.o
    0x08000f98   0x00000034   Code   RO         3316    i.BusFault_Handler  stm32f10x_it.o
    0x08000fcc   0x00000050   Code   RO         4310    i.CRC16             433_wiminet.o
    0x0800101c   0x0000062c   Code   RO         3560    i.ConfigData_Init   gprs.o
    0x08001648   0x00000018   Code   RO          859    i.DMA_Cmd           stm32f10x_dma.o
    0x08001660   0x0000014c   Code   RO          860    i.DMA_DeInit        stm32f10x_dma.o
    0x080017ac   0x00000008   Code   RO          861    i.DMA_GetCurrDataCounter  stm32f10x_dma.o
    0x080017b4   0x0000003c   Code   RO          865    i.DMA_Init          stm32f10x_dma.o
    0x080017f0   0x000000f4   Code   RO         3108    i.DMA_UART3_RecevDataGet  main.o
    0x080018e4   0x000000a0   Code   RO         3109    i.DMA_UART3_RecevDetect  main.o
    0x08001984   0x0000000c   Code   RO         4029    i.DS2780_CapacityInit  ds2780.o
    0x08001990   0x00000024   Code   RO         4030    i.DS2780_DQ_IN      ds2780.o
    0x080019b4   0x0000002c   Code   RO         4031    i.DS2780_DQ_OUT     ds2780.o
    0x080019e0   0x00000224   Code   RO         4032    i.DS2780_Test       ds2780.o
    0x08001c04   0x000000c4   Code   RO         3110    i.DataMessageSend   main.o
    0x08001cc8   0x000000d8   Code   RO         3864    i.DataRead_From_Flash  flash.o
    0x08001da0   0x000000e4   Code   RO         3865    i.DataWrite_To_Flash  flash.o
    0x08001e84   0x0000003c   Code   RO         3317    i.DebugMon_Handler  stm32f10x_it.o
    0x08001ec0   0x00000038   Code   RO         3525    i.Delay_us          bsp_systick.o
    0x08001ef8   0x00000228   Code   RO         3111    i.Display           main.o
    0x08002120   0x00000158   Code   RO         3112    i.Filter            main.o
    0x08002278   0x00000094   Code   RO         3561    i.Find_SpecialString  gprs.o
    0x0800230c   0x000000a6   Code   RO         3562    i.Find_String       gprs.o
    0x080023b2   0x00000002   PAD
    0x080023b4   0x00000030   Code   RO         4281    i.GPIO_Configuration  sensor-adc.o
    0x080023e4   0x00000112   Code   RO         1286    i.GPIO_Init         stm32f10x_gpio.o
    0x080024f6   0x00000012   Code   RO         1290    i.GPIO_ReadInputDataBit  stm32f10x_gpio.o
    0x08002508   0x00000004   Code   RO         1293    i.GPIO_ResetBits    stm32f10x_gpio.o
    0x0800250c   0x00000004   Code   RO         1294    i.GPIO_SetBits      stm32f10x_gpio.o
    0x08002510   0x000000ec   Code   RO         3563    i.GPRS_Config       gprs.o
    0x080025fc   0x0000012c   Code   RO         3564    i.GPRS_Init         gprs.o
    0x08002728   0x000000cc   Code   RO         3565    i.GPRS_Receive_DataAnalysis  gprs.o
    0x080027f4   0x00000060   Code   RO         3566    i.GPRS_Receive_NetLogin  gprs.o
    0x08002854   0x0000002c   Code   RO         3567    i.GPRS_Receive_TcpConnect  gprs.o
    0x08002880   0x00000020   Code   RO         3819    i.Get_Rand_Num      aiderprotocol.o
    0x080028a0   0x00000094   Code   RO         3771    i.GregorianDay      bsp_date.o
    0x08002934   0x00000038   Code   RO         3318    i.HardFault_Handler  stm32f10x_it.o
    0x0800296c   0x00000038   Code   RO         3319    i.MemManage_Handler  stm32f10x_it.o
    0x080029a4   0x00000028   Code   RO         3320    i.NMI_Handler       stm32f10x_it.o
    0x080029cc   0x00000074   Code   RO          113    i.NVIC_Init         misc.o
    0x08002a40   0x00000014   Code   RO          114    i.NVIC_PriorityGroupConfig  misc.o
    0x08002a54   0x0000000c   Code   RO         1646    i.PWR_BackupAccessCmd  stm32f10x_pwr.o
    0x08002a60   0x00000034   Code   RO         1649    i.PWR_EnterSTANDBYMode  stm32f10x_pwr.o
    0x08002a94   0x00000038   Code   RO         3321    i.PendSV_Handler    stm32f10x_it.o
    0x08002acc   0x000000cc   Code   RO         3113    i.PeripheralInit    main.o
    0x08002b98   0x00000018   Code   RO         1706    i.RCC_ADCCLKConfig  stm32f10x_rcc.o
    0x08002bb0   0x00000020   Code   RO         1707    i.RCC_AHBPeriphClockCmd  stm32f10x_rcc.o
    0x08002bd0   0x00000020   Code   RO         1708    i.RCC_APB1PeriphClockCmd  stm32f10x_rcc.o
    0x08002bf0   0x00000020   Code   RO         1709    i.RCC_APB1PeriphResetCmd  stm32f10x_rcc.o
    0x08002c10   0x00000020   Code   RO         1710    i.RCC_APB2PeriphClockCmd  stm32f10x_rcc.o
    0x08002c30   0x00000020   Code   RO         1711    i.RCC_APB2PeriphResetCmd  stm32f10x_rcc.o
    0x08002c50   0x0000000c   Code   RO         1713    i.RCC_BackupResetCmd  stm32f10x_rcc.o
    0x08002c5c   0x00000014   Code   RO         1714    i.RCC_ClearFlag     stm32f10x_rcc.o
    0x08002c70   0x000000d4   Code   RO         1718    i.RCC_GetClocksFreq  stm32f10x_rcc.o
    0x08002d44   0x0000003c   Code   RO         1719    i.RCC_GetFlagStatus  stm32f10x_rcc.o
    0x08002d80   0x00000034   Code   RO         1726    i.RCC_LSEConfig     stm32f10x_rcc.o
    0x08002db4   0x0000000c   Code   RO         1733    i.RCC_RTCCLKCmd     stm32f10x_rcc.o
    0x08002dc0   0x00000010   Code   RO         1734    i.RCC_RTCCLKConfig  stm32f10x_rcc.o
    0x08002dd0   0x00000048   Code   RO         3728    i.RTC_CheckAndConfig  bsp_rtc.o
    0x08002e18   0x00000010   Code   RO         1907    i.RTC_ClearITPendingBit  stm32f10x_rtc.o
    0x08002e28   0x0000004c   Code   RO         3729    i.RTC_Configuration  bsp_rtc.o
    0x08002e74   0x00000014   Code   RO         1908    i.RTC_EnterConfigMode  stm32f10x_rtc.o
    0x08002e88   0x00000014   Code   RO         1909    i.RTC_ExitConfigMode  stm32f10x_rtc.o
    0x08002e9c   0x00000014   Code   RO         1910    i.RTC_GetCounter    stm32f10x_rtc.o
    0x08002eb0   0x00000024   Code   RO         1913    i.RTC_GetITStatus   stm32f10x_rtc.o
    0x08002ed4   0x00000016   Code   RO         3322    i.RTC_IRQHandler    stm32f10x_it.o
    0x08002eea   0x00000028   Code   RO         3730    i.RTC_NVIC_Config   bsp_rtc.o
    0x08002f12   0x00000002   PAD
    0x08002f14   0x0000001c   Code   RO         1915    i.RTC_SetAlarm      stm32f10x_rtc.o
    0x08002f30   0x0000001c   Code   RO         1916    i.RTC_SetCounter    stm32f10x_rtc.o
    0x08002f4c   0x00000020   Code   RO         1917    i.RTC_SetPrescaler  stm32f10x_rtc.o
    0x08002f6c   0x00000014   Code   RO         1918    i.RTC_WaitForLastTask  stm32f10x_rtc.o
    0x08002f80   0x00000020   Code   RO         1919    i.RTC_WaitForSynchro  stm32f10x_rtc.o
    0x08002fa0   0x00000078   Code   RO         3114    i.ReadSensorData    main.o
    0x08003018   0x00000020   Code   RO         4315    i.ReverseBitOrder08  433_wiminet.o
    0x08003038   0x00000024   Code   RO         4316    i.ReverseBitOrder16  433_wiminet.o
    0x0800305c   0x00000018   Code   RO         2187    i.SPI_Cmd           stm32f10x_spi.o
    0x08003074   0x00000054   Code   RO         3866    i.SPI_FLASH_BufferRead  flash.o
    0x080030c8   0x00000122   Code   RO         3867    i.SPI_FLASH_BufferWrite  flash.o
    0x080031ea   0x00000002   PAD
    0x080031ec   0x000000c4   Code   RO         3869    i.SPI_FLASH_Init    flash.o
    0x080032b0   0x00000064   Code   RO         3870    i.SPI_FLASH_PageWrite  flash.o
    0x08003314   0x00000040   Code   RO         3872    i.SPI_FLASH_ReadDeviceID  flash.o
    0x08003354   0x00000054   Code   RO         3873    i.SPI_FLASH_ReadID  flash.o
    0x080033a8   0x00000048   Code   RO         3874    i.SPI_FLASH_SectorErase  flash.o
    0x080033f0   0x00000038   Code   RO         3875    i.SPI_FLASH_SendByte  flash.o
    0x08003428   0x00000034   Code   RO         3878    i.SPI_FLASH_WaitForWriteEnd  flash.o
    0x0800345c   0x00000024   Code   RO         3879    i.SPI_FLASH_WriteEnable  flash.o
    0x08003480   0x00000024   Code   RO         3880    i.SPI_Flash_PowerDown  flash.o
    0x080034a4   0x00000012   Code   RO         2195    i.SPI_I2S_GetFlagStatus  stm32f10x_spi.o
    0x080034b6   0x00000006   Code   RO         2198    i.SPI_I2S_ReceiveData  stm32f10x_spi.o
    0x080034bc   0x00000004   Code   RO         2199    i.SPI_I2S_SendData  stm32f10x_spi.o
    0x080034c0   0x0000003c   Code   RO         2200    i.SPI_Init          stm32f10x_spi.o
    0x080034fc   0x00000034   Code   RO         3323    i.SVC_Handler       stm32f10x_it.o
    0x08003530   0x000002dc   Code   RO         3820    i.SendDataToServ    aiderprotocol.o
    0x0800380c   0x00000040   Code   RO         4317    i.SendMessage       433_wiminet.o
    0x0800384c   0x00000018   Code   RO         3568    i.SendPretreatment  gprs.o
    0x08003864   0x00000294   Code   RO         3115    i.SenserDataCollect  main.o
    0x08003af8   0x00000230   Code   RO         3569    i.SensorSetMessage  gprs.o
    0x08003d28   0x00000008   Code   RO           24    i.SetSysClock       system_stm32f10x.o
    0x08003d30   0x000000dc   Code   RO           25    i.SetSysClockTo72   system_stm32f10x.o
    0x08003e0c   0x0000019a   Code   RO         4033    i.Set_register_ds2780  ds2780.o
    0x08003fa6   0x00000002   PAD
    0x08003fa8   0x0000146c   Code   RO         3570    i.Sms_Analysis      gprs.o
    0x08005414   0x00000044   Code   RO         3571    i.Sms_Consult       gprs.o
    0x08005458   0x0000007c   Code   RO         3572    i.Sms_Send          gprs.o
    0x080054d4   0x00000008   Code   RO         3324    i.SysTick_Handler   stm32f10x_it.o
    0x080054dc   0x0000007c   Code   RO         3526    i.SysTick_Init      bsp_systick.o
    0x08005558   0x00000060   Code   RO           27    i.SystemInit        system_stm32f10x.o
    0x080055b8   0x00000110   Code   RO         3573    i.TCP_Connect       gprs.o
    0x080056c8   0x00000018   Code   RO         3574    i.TCP_Disconnect    gprs.o
    0x080056e0   0x00000054   Code   RO         3325    i.TIM3_IRQHandler   stm32f10x_it.o
    0x08005734   0x00000006   Code   RO         2337    i.TIM_ClearITPendingBit  stm32f10x_tim.o
    0x0800573a   0x00000018   Code   RO         2342    i.TIM_Cmd           stm32f10x_tim.o
    0x08005752   0x00000002   PAD
    0x08005754   0x000001e8   Code   RO         2347    i.TIM_DeInit        stm32f10x_tim.o
    0x0800593c   0x00000022   Code   RO         2363    i.TIM_GetITStatus   stm32f10x_tim.o
    0x0800595e   0x00000012   Code   RO         2367    i.TIM_ITConfig      stm32f10x_tim.o
    0x08005970   0x00000080   Code   RO         3731    i.Time_Auto_Regulate  bsp_rtc.o
    0x080059f0   0x00000014   Code   RO         3732    i.Time_Display      bsp_rtc.o
    0x08005a04   0x00000018   Code   RO         3527    i.TimingDelay_Decrement  bsp_systick.o
    0x08005a1c   0x00000120   Code   RO         3821    i.TrapData          aiderprotocol.o
    0x08005b3c   0x000008a0   Code   RO         3822    i.Treaty_Data_Analysis  aiderprotocol.o
    0x080063dc   0x0000009c   Code   RO         3326    i.UART4_IRQHandler  stm32f10x_it.o
    0x08006478   0x0000009c   Code   RO         3462    i.UART_NVIC_Configuration  bsp_usart.o
    0x08006514   0x000000dc   Code   RO         3463    i.USART1_Config     bsp_usart.o
    0x080065f0   0x000000a0   Code   RO         3327    i.USART1_IRQHandler  stm32f10x_it.o
    0x08006690   0x00000002   Code   RO         3328    i.USART2_IRQHandler  stm32f10x_it.o
    0x08006692   0x00000002   PAD
    0x08006694   0x000000a4   Code   RO         3465    i.USART3_Config     bsp_usart.o
    0x08006738   0x00000068   Code   RO         3466    i.USART3_DMA_Config  bsp_usart.o
    0x080067a0   0x00000078   Code   RO         3329    i.USART3_IRQHandler  stm32f10x_it.o
    0x08006818   0x00000012   Code   RO         2874    i.USART_ClearFlag   stm32f10x_usart.o
    0x0800682a   0x0000001e   Code   RO         2875    i.USART_ClearITPendingBit  stm32f10x_usart.o
    0x08006848   0x00000018   Code   RO         2878    i.USART_Cmd         stm32f10x_usart.o
    0x08006860   0x00000012   Code   RO         2879    i.USART_DMACmd      stm32f10x_usart.o
    0x08006872   0x00000030   Code   RO         3576    i.USART_DataBlock_Send  gprs.o
    0x080068a2   0x0000001a   Code   RO         2881    i.USART_GetFlagStatus  stm32f10x_usart.o
    0x080068bc   0x00000054   Code   RO         2882    i.USART_GetITStatus  stm32f10x_usart.o
    0x08006910   0x0000004a   Code   RO         2884    i.USART_ITConfig    stm32f10x_usart.o
    0x0800695a   0x00000002   PAD
    0x0800695c   0x000000d8   Code   RO         2885    i.USART_Init        stm32f10x_usart.o
    0x08006a34   0x0000000a   Code   RO         2892    i.USART_ReceiveData  stm32f10x_usart.o
    0x08006a3e   0x00000008   Code   RO         2895    i.USART_SendData    stm32f10x_usart.o
    0x08006a46   0x00000002   PAD
    0x08006a48   0x00000240   Code   RO         3823    i.UploadFlash       aiderprotocol.o
    0x08006c88   0x00000038   Code   RO         3330    i.UsageFault_Handler  stm32f10x_it.o
    0x08006cc0   0x0000000c   Code   RO         3054    i.WWDG_ClearFlag    stm32f10x_wwdg.o
    0x08006ccc   0x00000010   Code   RO         3056    i.WWDG_Enable       stm32f10x_wwdg.o
    0x08006cdc   0x0000000c   Code   RO         3057    i.WWDG_EnableIT     stm32f10x_wwdg.o
    0x08006ce8   0x0000002c   Code   RO         3331    i.WWDG_IRQHandler   stm32f10x_it.o
    0x08006d14   0x00000060   Code   RO         3801    i.WWDG_Init         watchdog.o
    0x08006d74   0x00000010   Code   RO         3059    i.WWDG_SetCounter   stm32f10x_wwdg.o
    0x08006d84   0x00000018   Code   RO         3060    i.WWDG_SetPrescaler  stm32f10x_wwdg.o
    0x08006d9c   0x00000028   Code   RO         3061    i.WWDG_SetWindowValue  stm32f10x_wwdg.o
    0x08006dc4   0x00000020   Code   RO         4645    i.__0printf         mc_w.l(printfa.o)
    0x08006de4   0x00000028   Code   RO         4646    i.__0snprintf       mc_w.l(printfa.o)
    0x08006e0c   0x00000028   Code   RO         4713    i.__ARM_fpclassify  m_ws.l(fpclassify.o)
    0x08006e34   0x000000aa   Code   RO         4715    i.__kernel_poly     m_ws.l(poly.o)
    0x08006ede   0x00000002   PAD
    0x08006ee0   0x00000010   Code   RO         4711    i.__mathlib_dbl_underflow  m_ws.l(dunder.o)
    0x08006ef0   0x0000000e   Code   RO         4773    i.__scatterload_copy  mc_w.l(handlers.o)
    0x08006efe   0x00000002   Code   RO         4774    i.__scatterload_null  mc_w.l(handlers.o)
    0x08006f00   0x0000000e   Code   RO         4775    i.__scatterload_zeroinit  mc_w.l(handlers.o)
    0x08006f0e   0x00000002   PAD
    0x08006f10   0x0000000c   Code   RO         4753    i.__set_errno       mc_w.l(errno.o)
    0x08006f1c   0x0000015c   Code   RO         4652    i._fp_digits        mc_w.l(printfa.o)
    0x08007078   0x000006f0   Code   RO         4653    i._printf_core      mc_w.l(printfa.o)
    0x08007768   0x00000026   Code   RO         4654    i._printf_post_padding  mc_w.l(printfa.o)
    0x0800778e   0x00000030   Code   RO         4655    i._printf_pre_padding  mc_w.l(printfa.o)
    0x080077be   0x00000016   Code   RO         4656    i._snputc           mc_w.l(printfa.o)
    0x080077d4   0x000001b8   Code   RO         3577    i.char_to_float     gprs.o
    0x0800798c   0x000000f8   Code   RO         3578    i.char_to_int       gprs.o
    0x08007a84   0x00000016   Code   RO         4034    i.copy_data_ds2780  ds2780.o
    0x08007a9a   0x00000002   PAD
    0x08007a9c   0x00000024   Code   RO         3470    i.fputc             bsp_usart.o
    0x08007ac0   0x00000084   Code   RO         4035    i.get_ACR           ds2780.o
    0x08007b44   0x00000050   Code   RO         4038    i.get_RAAC          ds2780.o
    0x08007b94   0x0000008c   Code   RO         4041    i.get_current       ds2780.o
    0x08007c20   0x00000058   Code   RO         4044    i.get_voltage       ds2780.o
    0x08007c78   0x000000c4   Code   RO         4016    i.gotoSleep         common.o
    0x08007d3c   0x00000128   Code   RO         3118    i.main              main.o
    0x08007e64   0x00000080   Code   RO         3772    i.mktimev           bsp_date.o
    0x08007ee4   0x0000004c   Code   RO         3580    i.mput              gprs.o
    0x08007f30   0x00000048   Code   RO         3581    i.mput_mix          gprs.o
    0x08007f78   0x0000001a   Code   RO         3995    i.ntohl             api-platform.o
    0x08007f92   0x0000000c   Code   RO         3996    i.ntohs             api-platform.o
    0x08007f9e   0x00000002   PAD
    0x08007fa0   0x000009e0   Code   RO         4387    i.pow               m_ws.l(pow.o)
    0x08008980   0x00000038   Code   RO         4045    i.read_bit          ds2780.o
    0x080089b8   0x00000022   Code   RO         4046    i.read_byte         ds2780.o
    0x080089da   0x00000018   Code   RO         4047    i.read_byte_data    ds2780.o
    0x080089f2   0x00000002   PAD
    0x080089f4   0x00000044   Code   RO         4049    i.reset             ds2780.o
    0x08008a38   0x00000064   Code   RO         4050    i.set_ACR           ds2780.o
    0x08008a9c   0x0000004c   Code   RO         4719    i.sqrt              m_ws.l(sqrt.o)
    0x08008ae8   0x000000cc   Code   RO         3773    i.to_tm             bsp_date.o
    0x08008bb4   0x0000005c   Code   RO         4052    i.write_byte        ds2780.o
    0x08008c10   0x0000001e   Code   RO         4053    i.write_data        ds2780.o
    0x08008c2e   0x0000002c   Code   RO         4054    i.write_ds2780_cmd  ds2780.o
    0x08008c5a   0x00000002   PAD
    0x08008c5c   0x000000d0   Data   RO         3120    .constdata          main.o
    0x08008d2c   0x00000173   Data   RO         3583    .constdata          gprs.o
    0x08008e9f   0x00000001   PAD
    0x08008ea0   0x00000034   Data   RO         3774    .constdata          bsp_date.o
    0x08008ed4   0x00000004   PAD
    0x08008ed8   0x00000088   Data   RO         4388    .constdata          m_ws.l(pow.o)
    0x08008f60   0x00000008   Data   RO         4717    .constdata          m_ws.l(qnan.o)
    0x08008f68   0x00000020   Data   RO         4771    Region$$Table       anon$$obj.o


    Execution Region RW_IRAM1 (Base: 0x20000000, Size: 0x00000f28, Max: 0x0000c000, ABSOLUTE)

    Base Addr    Size         Type   Attr      Idx    E Section Name        Object

    0x20000000   0x00000014   Data   RW           28    .data               system_stm32f10x.o
    0x20000014   0x00000014   Data   RW         1738    .data               stm32f10x_rcc.o
    0x20000028   0x00000020   Data   RW         3121    .data               main.o
    0x20000048   0x00000004   Data   RW         3528    .data               bsp_systick.o
    0x2000004c   0x00000004   Data   RW         3584    .data               gprs.o
    0x20000050   0x00000030   Data   RW         3775    .data               bsp_date.o
    0x20000080   0x00000001   Data   RW         3802    .data               watchdog.o
    0x20000081   0x00000003   Data   RW         3824    .data               aiderprotocol.o
    0x20000084   0x00000009   Data   RW         3883    .data               flash.o
    0x2000008d   0x00000001   Data   RW         4055    .data               ds2780.o
    0x2000008e   0x00000002   PAD
    0x20000090   0x0000000d   Data   RW         4203    .data               modbus.o
    0x2000009d   0x00000001   PAD
    0x2000009e   0x00000002   Data   RW         4283    .data               sensor-adc.o
    0x200000a0   0x00000004   Data   RW         4400    .data               mc_w.l(rand.o)
    0x200000a4   0x00000004   Data   RW         4740    .data               mc_w.l(stdout.o)
    0x200000a8   0x00000004   Data   RW         4754    .data               mc_w.l(errno.o)
    0x200000ac   0x000001d4   Zero   RW         3119    .bss                main.o
    0x20000280   0x000003f8   Zero   RW         3471    .bss                bsp_usart.o
    0x20000678   0x000003e8   Zero   RW         3582    .bss                gprs.o
    0x20000a60   0x000000c8   Zero   RW         4202    .bss                modbus.o
    0x20000b28   0x00000400   Zero   RW            1    STACK               startup_stm32f10x_hd.o


==============================================================================

Image component sizes


      Code (inc. data)   RO Data    RW Data    ZI Data      Debug   Object Name

       212         14          0          0          0       2538   433_wiminet.o
      3836        628          0          3          0       7673   aiderprotocol.o
        38          0          0          0          0       1100   api-platform.o
       480         18         52         48          0       2853   bsp_date.o
       336         42          0          0          0       3708   bsp_rtc.o
       204         28          0          4          0      17157   bsp_systick.o
       680         44          0          0       1016       3620   bsp_usart.o
       196         20          0          0          0        584   common.o
         0          0          0          0          0       4224   core_cm3.o
      1960        318          0          1          0      10440   ds2780.o
      1634        336          0          9          0       9933   flash.o
     10082       3872        371          4       1000      19631   gprs.o
      2776        784        208         32        468     218884   main.o
       136         24          0          0          0       1479   misc.o
         0          0          0         13        200       1490   modbus.o
       332         64          0          2          0       1666   sensor-adc.o
        36          8        304          0       1024        840   startup_stm32f10x_hd.o
       390         10          0          0          0      16189   stm32f10x_adc.o
        84         16          0          0          0       3083   stm32f10x_bkp.o
       424          8          0          0          0       3879   stm32f10x_dma.o
       300          0          0          0          0       3536   stm32f10x_gpio.o
      1024        486          0          0          0       9186   stm32f10x_it.o
        64         16          0          0          0        957   stm32f10x_pwr.o
       568         90          0         20          0       9563   stm32f10x_rcc.o
       252         46          0          0          0       4928   stm32f10x_rtc.o
       112          0          0          0          0       3694   stm32f10x_spi.o
       570         64          0          0          0       3516   stm32f10x_tim.o
       508          6          0          0          0       7672   stm32f10x_usart.o
       120         32          0          0          0       3575   stm32f10x_wwdg.o
       324         26          0         20          0     267197   system_stm32f10x.o
        96          6          0          1          0        839   watchdog.o

    ----------------------------------------------------------------------
     27802       7006        972        160       3708     645634   Object Totals
         0          0         32          0          0          0   (incl. Generated)
        28          0          5          3          0          0   (incl. Padding)

    ----------------------------------------------------------------------

      Code (inc. data)   RO Data    RW Data    ZI Data      Debug   Library Member Name

        16          6          0          0          0         68   dunder.o
        40          0          0          0          0         68   fpclassify.o
       170          0          0          0          0         96   poly.o
      2528        190        136          0          0        332   pow.o
         0          0          8          0          0          0   qnan.o
        76          0          0          0          0         84   sqrt.o
         0          0          0          0          0          0   entry.o
         0          0          0          0          0          0   entry10a.o
         0          0          0          0          0          0   entry11a.o
         8          4          0          0          0          0   entry2.o
         4          0          0          0          0          0   entry5.o
         0          0          0          0          0          0   entry7b.o
         0          0          0          0          0          0   entry8b.o
         8          4          0          0          0          0   entry9a.o
        12          6          0          4          0         68   errno.o
        30          0          0          0          0          0   handlers.o
        36          8          0          0          0         68   init.o
         0          0          0          0          0          0   iusefp.o
        30          0          0          0          0         68   llshl.o
        36          0          0          0          0         68   llsshr.o
        32          0          0          0          0         68   llushr.o
        36          0          0          0          0         68   memcpya.o
        36          0          0          0          0        108   memseta.o
      2304         94          0          0          0        596   printfa.o
        36         10          0          4          0        136   rand.o
         0          0          0          4          0          0   stdout.o
        24          0          0          0          0         68   strcat.o
        14          0          0          0          0         68   strlen.o
        44          0          0          0          0         80   uidiv.o
        98          0          0          0          0         92   uldiv.o
        40          2          0          0          0         68   cdcmple.o
        40          2          0          0          0         68   cdrcmple.o
        20          0          0          0          0         68   cfcmple.o
        20          0          0          0          0         68   cfrcmple.o
        56          0          0          0          0         88   d2f.o
       334          0          0          0          0        148   dadd.o
       222          0          0          0          0        100   ddiv.o
       190          0          0          0          0        176   depilogue.o
        62          0          0          0          0         80   dfixi.o
        50          0          0          0          0         76   dfixui.o
        48          0          0          0          0         68   dfixul.o
        34          0          0          0          0         76   dflti.o
        26          0          0          0          0         76   dfltui.o
       228          0          0          0          0         96   dmul.o
        46          0          0          0          0         80   dscalb.o
       162          0          0          0          0        100   dsqrt.o
        38          0          0          0          0         68   f2d.o
       176          0          0          0          0        140   fadd.o
       128          0          0          0          0         88   fdiv.o
       108          0          0          0          0        168   fepilogue.o
        40          0          0          0          0         68   ffixui.o
        18          0          0          0          0         68   fflti.o
        10          0          0          0          0         68   ffltui.o
       108          0          0          0          0         76   fmul.o

    ----------------------------------------------------------------------
      7826        326        144         12          0       4384   Library Totals
         4          0          0          0          0          0   (incl. Padding)

    ----------------------------------------------------------------------

      Code (inc. data)   RO Data    RW Data    ZI Data      Debug   Library Name

      2830        196        144          0          0        648   m_ws.l
      2788        126          0         12          0       1556   mc_w.l
      2204          4          0          0          0       2180   mf_w.l

    ----------------------------------------------------------------------
      7826        326        144         12          0       4384   Library Totals

    ----------------------------------------------------------------------

==============================================================================


      Code (inc. data)   RO Data    RW Data    ZI Data      Debug   

     35628       7332       1116        172       3708     638162   Grand Totals
     35628       7332       1116        172       3708     638162   ELF Image Totals
     35628       7332       1116        172          0          0   ROM Totals

==============================================================================

    Total RO  Size (Code + RO Data)                36744 (  35.88kB)
    Total RW  Size (RW Data + ZI Data)              3880 (   3.79kB)
    Total ROM Size (Code + RO Data + RW Data)      36916 (  36.05kB)

==============================================================================

